###############################################################################
#
# IAR ELF Linker V7.80.4.12462/W32 for ARM                15/Sep/2022  16:21:03
# Copyright 2007-2017 IAR Systems AB.
#
#    Output file  =  Z3SwitchSoc.out
#    Map file     =  
#        D:/simplicity studio5/s5/workspaces/Z3SwitchSoc/IAR ARM -
#        Default/Z3SwitchSoc.map
#    Command line =  
#        "D:/simplicity
#        studio5/s5/developer/sdks/gecko_sdk_suite/v3.1//protocol/zigbee/build/cbke-163k1-stub-library-cortexm3-iar-efr32mg21-rail/cbke-163k1-stub-library.a"
#        "D:/simplicity
#        studio5/s5/developer/sdks/gecko_sdk_suite/v3.1//protocol/zigbee/build/source-route-stub-library-cortexm3-iar-efr32mg21-rail/source-route-stub-library.a"
#        "D:/simplicity
#        studio5/s5/developer/sdks/gecko_sdk_suite/v3.1//protocol/zigbee/build/cbke-library-dsa-sign-stub-cortexm3-iar-efr32mg21-rail/cbke-library-dsa-sign-stub.a"
#        "D:/simplicity
#        studio5/s5/developer/sdks/gecko_sdk_suite/v3.1//protocol/zigbee/build/binding-table-library-cortexm3-iar-efr32mg21-rail/binding-table-library.a"
#        "D:/simplicity
#        studio5/s5/developer/sdks/gecko_sdk_suite/v3.1//protocol/zigbee/build/security-library-link-keys-stub-cortexm3-iar-efr32mg21-rail/security-library-link-keys-stub.a"
#        "D:/simplicity
#        studio5/s5/developer/sdks/gecko_sdk_suite/v3.1//protocol/zigbee/build/packet-validate-library-cortexm3-iar-efr32mg21-rail/packet-validate-library.a"
#        "D:/simplicity
#        studio5/s5/developer/sdks/gecko_sdk_suite/v3.1//protocol/zigbee/build/gp-stub-library-cortexm3-iar-efr32mg21-rail/gp-stub-library.a"
#        "D:/simplicity
#        studio5/s5/developer/sdks/gecko_sdk_suite/v3.1//protocol/zigbee/build/sim-eeprom2-to-nvm3-upgrade-stub-library-cortexm3-iar-efr32mg21-rail/sim-eeprom2-to-nvm3-upgrade-stub-library.a"
#        "D:/simplicity
#        studio5/s5/developer/sdks/gecko_sdk_suite/v3.1//platform/emdrv/nvm3/lib/libnvm3_CM33_iar.a"
#        "D:/simplicity
#        studio5/s5/developer/sdks/gecko_sdk_suite/v3.1//protocol/zigbee/build/multi-pan-stub-library-cortexm3-iar-efr32mg21-rail/multi-pan-stub-library.a"
#        "D:/simplicity
#        studio5/s5/developer/sdks/gecko_sdk_suite/v3.1//protocol/zigbee/build/multi-network-stub-library-cortexm3-iar-efr32mg21-rail/multi-network-stub-library.a"
#        "D:/simplicity
#        studio5/s5/developer/sdks/gecko_sdk_suite/v3.1//platform/radio/rail_lib/autogen/librail_release/librail_efr32xg21_iar_release.a"
#        "D:/simplicity
#        studio5/s5/developer/sdks/gecko_sdk_suite/v3.1//protocol/zigbee/build/zll-stub-library-cortexm3-iar-efr32mg21-rail/zll-stub-library.a"
#        "D:/simplicity
#        studio5/s5/developer/sdks/gecko_sdk_suite/v3.1//protocol/zigbee/build/hal-library-cortexm3-iar-efr32mg21-rail/hal-library.a"
#        "D:/simplicity
#        studio5/s5/developer/sdks/gecko_sdk_suite/v3.1//protocol/zigbee/build/cbke-library-dsa-verify-283k1-stub-cortexm3-iar-efr32mg21-rail/cbke-library-dsa-verify-283k1-stub.a"
#        "D:/simplicity
#        studio5/s5/developer/sdks/gecko_sdk_suite/v3.1//protocol/zigbee/build/end-device-bind-stub-library-cortexm3-iar-efr32mg21-rail/end-device-bind-stub-library.a"
#        "D:/simplicity
#        studio5/s5/developer/sdks/gecko_sdk_suite/v3.1//protocol/zigbee/build/cbke-283k1-stub-library-cortexm3-iar-efr32mg21-rail/cbke-283k1-stub-library.a"
#        "D:/simplicity
#        studio5/s5/developer/sdks/gecko_sdk_suite/v3.1//protocol/zigbee/build/debug-extended-stub-library-cortexm3-iar-efr32mg21-rail/debug-extended-stub-library.a"
#        "D:/simplicity
#        studio5/s5/developer/sdks/gecko_sdk_suite/v3.1//protocol/zigbee/build/debug-basic-stub-library-cortexm3-iar-efr32mg21-rail/debug-basic-stub-library.a"
#        "D:/simplicity
#        studio5/s5/developer/sdks/gecko_sdk_suite/v3.1//protocol/zigbee/build/mfglib-library-cortexm3-iar-efr32mg21-rail/mfglib-library.a"
#        "D:/simplicity
#        studio5/s5/developer/sdks/gecko_sdk_suite/v3.1//protocol/zigbee/build/cbke-library-dsa-verify-stub-cortexm3-iar-efr32mg21-rail/cbke-library-dsa-verify-stub.a"
#        "D:/simplicity
#        studio5/s5/developer/sdks/gecko_sdk_suite/v3.1//protocol/zigbee/build/cbke-stub-library-cortexm3-iar-efr32mg21-rail/cbke-stub-library.a"
#        "D:/simplicity
#        studio5/s5/developer/sdks/gecko_sdk_suite/v3.1//protocol/zigbee/build/zigbee-pro-leaf-stack-cortexm3-iar-efr32mg21-rail/zigbee-pro-leaf-stack.a"
#        "D:/simplicity
#        studio5/s5/developer/sdks/gecko_sdk_suite/v3.1//protocol/zigbee/build/install-code-library-cortexm3-iar-efr32mg21-rail/install-code-library.a"
#        "D:/simplicity
#        studio5/s5/developer/sdks/gecko_sdk_suite/v3.1//protocol/zigbee/build/zigbee-r22-support-stub-library-cortexm3-iar-efr32mg21-rail/zigbee-r22-support-stub-library.a"
#        ./zcl-framework-core/af-event.o ./zcl-framework-core/af-main-common.o
#        ./zcl-framework-core/af-main-soc.o ./zcl-framework-core/af-node.o
#        ./zcl-framework-core/af-security-common.o
#        ./zcl-framework-core/af-trust-center.o
#        ./zcl-framework-core/attribute-size.o
#        ./zcl-framework-core/attribute-storage.o
#        ./zcl-framework-core/attribute-table.o
#        ./zcl-framework-core/client-api.o ./zcl-framework-core/core-cli.o
#        ./zcl-framework-core/crypto-state.o ./zcl-framework-core/message.o
#        ./zcl-framework-core/multi-network.o
#        ./zcl-framework-core/network-cli.o ./zcl-framework-core/option-cli.o
#        ./zcl-framework-core/plugin-cli.o
#        ./zcl-framework-core/print-formatter.o ./zcl-framework-core/print.o
#        ./zcl-framework-core/process-cluster-message.o
#        ./zcl-framework-core/process-global-message.o
#        ./zcl-framework-core/security-cli.o
#        ./zcl-framework-core/service-discovery-common.o
#        ./zcl-framework-core/service-discovery-soc.o
#        ./zcl-framework-core/time-util.o ./zcl-framework-core/util.o
#        ./zcl-framework-core/zcl-cli.o ./zcl-framework-core/zdo-cli.o
#        ./update-tc-link-key/update-tc-link-key-cli.o
#        ./update-tc-link-key/update-tc-link-key.o
#        ./strong-random/strong-random-api.o ./simple-main/simple-main.o
#        ./serial/EFR32/serial.o ./serial/com.o ./scan-dispatch/scan-dispatch.o
#        ./reporting/reporting-cli.o
#        ./reporting/reporting-default-configuration.o ./reporting/reporting.o
#        ./packet-handoff/packet-handoff.o
#        ./ota-storage-simple-eeprom/ota-storage-eeprom-page-erase.o
#        ./ota-storage-simple-eeprom/ota-storage-eeprom-read-modify-write.o
#        ./ota-storage-simple-eeprom/ota-storage-eeprom.o
#        ./ota-storage-simple/ota-storage-simple.o
#        ./ota-storage-common/ota-storage-common-cli.o
#        ./ota-storage-common/ota-storage-common.o ./ota-common/ota-common.o
#        ./ota-client-policy/ota-client-policy.o ./ota-client/ota-client-cli.o
#        ./ota-client/ota-client-page-request.o
#        ./ota-client/ota-client-signature-verify.o ./ota-client/ota-client.o
#        ./ota-bootload/ota-bootload-cli.o ./ota-bootload/ota-bootload-soc.o
#        ./nvm3/EFR32/nvm3_default.o ./nvm3/EFR32/nvm3_hal_flash.o
#        ./nvm3/nvm3_lock.o ./network-steering/network-steering-cli.o
#        ./network-steering/network-steering-soc.o
#        ./network-steering/network-steering-v2.o
#        ./network-steering/network-steering.o ./mbedtls/EFR32/aes.o
#        ./mbedtls/EFR32/aes_aes.o ./mbedtls/EFR32/asn1parse.o
#        ./mbedtls/EFR32/asn1write.o ./mbedtls/EFR32/base64.o
#        ./mbedtls/EFR32/bignum.o ./mbedtls/EFR32/ccm.o
#        ./mbedtls/EFR32/chacha20.o ./mbedtls/EFR32/chachapoly.o
#        ./mbedtls/EFR32/cipher.o ./mbedtls/EFR32/cipher_wrap.o
#        ./mbedtls/EFR32/cmac.o ./mbedtls/EFR32/crypto_aes.o
#        ./mbedtls/EFR32/crypto_ecp.o ./mbedtls/EFR32/crypto_gcm.o
#        ./mbedtls/EFR32/crypto_management.o ./mbedtls/EFR32/cryptoacc_aes.o
#        ./mbedtls/EFR32/cryptoacc_ccm.o ./mbedtls/EFR32/cryptoacc_gcm.o
#        ./mbedtls/EFR32/cryptoacc_management.o ./mbedtls/EFR32/ctr_drbg.o
#        ./mbedtls/EFR32/des.o ./mbedtls/EFR32/ecdh.o ./mbedtls/EFR32/ecdsa.o
#        ./mbedtls/EFR32/ecjpake.o ./mbedtls/EFR32/ecp.o
#        ./mbedtls/EFR32/ecp_curves.o ./mbedtls/EFR32/entropy.o
#        ./mbedtls/EFR32/error.o ./mbedtls/EFR32/gcm.o
#        ./mbedtls/EFR32/mbedtls_cmac.o ./mbedtls/EFR32/mbedtls_ecdsa_ecdh.o
#        ./mbedtls/EFR32/mbedtls_sha.o ./mbedtls/EFR32/md.o
#        ./mbedtls/EFR32/md5.o ./mbedtls/EFR32/oid.o ./mbedtls/EFR32/pem.o
#        ./mbedtls/EFR32/pk.o ./mbedtls/EFR32/pk_wrap.o
#        ./mbedtls/EFR32/pkparse.o ./mbedtls/EFR32/platform_util.o
#        ./mbedtls/EFR32/poly1305.o ./mbedtls/EFR32/psa_crypto.o
#        ./mbedtls/EFR32/psa_crypto_driver_wrappers.o
#        ./mbedtls/EFR32/psa_crypto_slot_management.o
#        ./mbedtls/EFR32/psa_crypto_storage.o ./mbedtls/EFR32/rsa.o
#        ./mbedtls/EFR32/rsa_internal.o ./mbedtls/EFR32/se_aes.o
#        ./mbedtls/EFR32/se_ccm.o ./mbedtls/EFR32/se_gcm.o
#        ./mbedtls/EFR32/se_jpake.o ./mbedtls/EFR32/sha1.o
#        ./mbedtls/EFR32/sha256.o ./mbedtls/EFR32/sha512.o
#        ./mbedtls/EFR32/sl_entropy.o ./mbedtls/EFR32/sl_mbedtls.o
#        ./mbedtls/EFR32/sl_psa_its_nvm3.o ./mbedtls/EFR32/sl_se_management.o
#        ./mbedtls/EFR32/sl_se_manager.o
#        ./mbedtls/EFR32/sl_se_manager_attestation.o
#        ./mbedtls/EFR32/sl_se_manager_cipher.o
#        ./mbedtls/EFR32/sl_se_manager_entropy.o
#        ./mbedtls/EFR32/sl_se_manager_hash.o
#        ./mbedtls/EFR32/sl_se_manager_key_derivation.o
#        ./mbedtls/EFR32/sl_se_manager_key_handling.o
#        ./mbedtls/EFR32/sl_se_manager_signature.o
#        ./mbedtls/EFR32/sl_se_manager_util.o
#        ./mbedtls/EFR32/sli_crypto_transparent_driver_aead.o
#        ./mbedtls/EFR32/sli_crypto_transparent_driver_cipher.o
#        ./mbedtls/EFR32/sli_crypto_transparent_driver_hash.o
#        ./mbedtls/EFR32/sli_crypto_transparent_driver_mac.o
#        ./mbedtls/EFR32/sli_cryptoacc_transparent_driver_aead.o
#        ./mbedtls/EFR32/sli_cryptoacc_transparent_driver_cipher.o
#        ./mbedtls/EFR32/sli_cryptoacc_transparent_driver_hash.o
#        ./mbedtls/EFR32/sli_cryptoacc_transparent_driver_key_derivation.o
#        ./mbedtls/EFR32/sli_cryptoacc_transparent_driver_key_management.o
#        ./mbedtls/EFR32/sli_cryptoacc_transparent_driver_mac.o
#        ./mbedtls/EFR32/sli_cryptoacc_transparent_driver_signature.o
#        ./mbedtls/EFR32/sli_protocol_crypto_crypto.o
#        ./mbedtls/EFR32/sli_protocol_crypto_radioaes.o
#        ./mbedtls/EFR32/sli_psa_driver_init.o
#        ./mbedtls/EFR32/sli_radioaes_management.o
#        ./mbedtls/EFR32/sli_se_driver_aead.o
#        ./mbedtls/EFR32/sli_se_driver_builtin_keys.o
#        ./mbedtls/EFR32/sli_se_driver_cipher.o
#        ./mbedtls/EFR32/sli_se_driver_key_derivation.o
#        ./mbedtls/EFR32/sli_se_driver_key_management.o
#        ./mbedtls/EFR32/sli_se_driver_mac.o
#        ./mbedtls/EFR32/sli_se_driver_signature.o
#        ./mbedtls/EFR32/sli_se_opaque_driver_aead.o
#        ./mbedtls/EFR32/sli_se_opaque_driver_cipher.o
#        ./mbedtls/EFR32/sli_se_opaque_driver_mac.o
#        ./mbedtls/EFR32/sli_se_opaque_key_derivation.o
#        ./mbedtls/EFR32/sli_se_transparent_driver_aead.o
#        ./mbedtls/EFR32/sli_se_transparent_driver_cipher.o
#        ./mbedtls/EFR32/sli_se_transparent_driver_hash.o
#        ./mbedtls/EFR32/sli_se_transparent_driver_mac.o
#        ./mbedtls/EFR32/sli_se_transparent_key_derivation.o
#        ./mbedtls/EFR32/ssl_cache.o ./mbedtls/EFR32/ssl_ciphersuites.o
#        ./mbedtls/EFR32/ssl_cli.o ./mbedtls/EFR32/ssl_cookie.o
#        ./mbedtls/EFR32/ssl_msg.o ./mbedtls/EFR32/ssl_srv.o
#        ./mbedtls/EFR32/ssl_ticket.o ./mbedtls/EFR32/ssl_tls.o
#        ./mbedtls/EFR32/threading.o ./mbedtls/EFR32/x509.o
#        ./mbedtls/EFR32/x509_create.o ./mbedtls/EFR32/x509_crl.o
#        ./mbedtls/EFR32/x509_crt.o ./mbedtls/EFR32/x509_csr.o
#        ./mbedtls/EFR32/x509write_crt.o ./mbedtls/EFR32/x509write_csr.o
#        ./idle-sleep/idle-sleep-cli.o ./idle-sleep/idle-sleep-soc.o
#        ./idle-sleep/idle-sleep.o ./identify/identify-cli.o
#        ./identify/identify.o ./ias-zone-server/ias-zone-server-cli.o
#        ./ias-zone-server/ias-zone-server.o ./heartbeat/heartbeat.o
#        ./hal-library/EFR32_2/sl_hfxo_manager.o
#        ./hal-library/EFR32_2/sl_hfxo_manager_hal_s2.o
#        ./hal-library/EFR32/hal-config-gpio.o ./hal-library/EFR32/hal-config.o
#        ./hal-library/EFR32/sl_mpu.o ./hal-library/EFR32/sl_power_manager.o
#        ./hal-library/EFR32/sl_power_manager_debug.o
#        ./hal-library/EFR32/sl_power_manager_hal_s0_s1.o
#        ./hal-library/EFR32/sl_power_manager_hal_s2.o
#        ./hal-library/EFR32/sl_slist.o
#        ./generic-interrupt-control/EFR32/generic-interrupt-control-efr32.o
#        ./form-and-join/form-and-join-afv2.o
#        ./form-and-join/form-and-join-node-adapter.o
#        ./form-and-join/form-and-join.o
#        ./external-generated-files/bootloader-interface-app.o
#        ./external-generated-files/bootloader-interface.o
#        ./external-generated-files/btl_interface.o
#        ./external-generated-files/btl_interface_storage.o
#        ./end-device-support/end-device-move.o
#        ./end-device-support/end-device-support-cli.o
#        ./end-device-support/end-device-support.o
#        ./end-device-support/polling-common.o
#        ./end-device-support/polling-soc.o ./emlib/em_adc.o ./emlib/em_cmu.o
#        ./emlib/em_core.o ./emlib/em_cryotimer.o ./emlib/em_emu.o
#        ./emlib/em_eusart.o ./emlib/em_gpio.o ./emlib/em_i2c.o
#        ./emlib/em_ldma.o ./emlib/em_leuart.o ./emlib/em_msc.o
#        ./emlib/em_prs.o ./emlib/em_rmu.o ./emlib/em_rtcc.o ./emlib/em_se.o
#        ./emlib/em_system.o ./emlib/em_timer.o ./emlib/em_usart.o
#        ./emlib/em_wdog.o ./emlib/system_efr32mg21.o ./emdrv/dmadrv.o
#        ./emdrv/gpiointerrupt.o ./emdrv/sl_sleeptimer.o
#        ./emdrv/sl_sleeptimer_hal_rtcc.o ./emdrv/tempdrv.o ./emdrv/uartdrv.o
#        ./emdrv/ustimer.o ./ember-minimal-printf/ember-printf.o
#        ./efr32/assert-crash-handlers.o ./efr32/button.o
#        ./efr32/buzzer-efr32.o ./efr32/cstartup-common.o ./efr32/diagnostic.o
#        ./efr32/ext-device.o ./efr32/faults-v7m.o ./efr32/isr-stubs.o
#        ./efr32/led.o ./efr32/mfg-token.o ./efr32/micro-common.o
#        ./efr32/micro.o ./efr32/sleep-efm32.o ./efr32/token.o
#        ./eeprom/eeprom-afv2.o ./eeprom/eeprom-cli.o ./eeprom/eeprom.o
#        ./diagnostic-server/diagnostic-server-soc.o ./counters/counters-cli.o
#        ./counters/counters-ota.o ./counters/counters-soc.o
#        ./coexistence-stub/EFR32/coexistence-802154.o
#        ./coexistence-stub/EFR32/coulomb-counter-802154.o
#        ./ccm-encryption/ccm-star.o ./basic/basic.o
#        ./antenna-stub/antenna-stub.o ./address-table/address-table-cli.o
#        ./address-table/address-table.o ./00ikonke-app/tools/SEGGER_RTT.o
#        ./00ikonke-app/tools/SEGGER_RTT_ASM_ARMv7M.o
#        ./00ikonke-app/tools/SEGGER_RTT_Syscalls_IAR.o
#        ./00ikonke-app/tools/SEGGER_RTT_printf.o
#        ./00ikonke-app/tools/ikk-rtt.o ./00ikonke-app/general/ikk-cluster.o
#        ./00ikonke-app/general/ikk-command.o
#        ./00ikonke-app/general/ikk-common-utils.o
#        ./00ikonke-app/general/ikk-factory-test.o
#        ./00ikonke-app/general/ikk-network.o
#        ./00ikonke-app/general/ikk-opt-tunnel.o
#        ./00ikonke-app/general/ikk-ota.o ./00ikonke-app/general/ikk-sequence.o
#        ./00ikonke-app/general/ikk-tick-handler.o
#        ./00ikonke-app/driver/ikk-adc.o ./00ikonke-app/driver/ikk-button.o
#        ./00ikonke-app/driver/ikk-led.o ./00ikonke-app/driver/ikk-pwm.o
#        ./00ikonke-app/driver/ikk-relay.o ./00ikonke-app/driver/ikk-timer.o
#        ./00ikonke-app/driver/ikk-uart.o ./00ikonke-app/ikk-p824m.o
#        ./00ikonke-app/ikk-user.o ./KKTemplateCodeProject_callbacks.o
#        ./Z3SwitchSoc_callbacks.o ./call-command-handler.o ./callback-stub.o
#        ./command-interpreter2.o ./crc.o ./ember-base-configuration.o
#        ./ember-configuration.o ./endian.o ./library.o ./mem-util.o ./random.o
#        ./security-address-cache.o ./stack-handler-stub.o ./token-def.o
#        ./zigbee-device-common.o ./zigbee-device-library.o
#        ./znet-bookkeeping.o ./znet-cli.o -o Z3SwitchSoc.out --config
#        "D:/simplicity
#        studio5/s5/developer/sdks/gecko_sdk_suite/v3.1//platform/base/hal/micro/cortexm3/efm32/iar-cfg.icf"
#        --config_def APP_BTL=1 --config_def FLASH_SIZE=786432 --config_def
#        RAM_SIZE=65536 --config_def SIMEEPROM_SIZE=65536 --config_def
#        LOCKBITS_IN_MAINFLASH_SIZE=8192 --config_def EMBER_MALLOC_HEAP_SIZE=0
#        --config_def HEADER_SIZE=512 --config_def PSSTORE_SIZE=0 --config_def
#        LONGTOKEN_SIZE=0 --config_def BTL_SIZE=16384 --no_wrap_diagnostics
#        --entry __iar_program_start --map "D:/simplicity
#        studio5/s5/workspaces/Z3SwitchSoc/IAR ARM - Default/Z3SwitchSoc.map"
#        --log_file "D:/simplicity studio5/s5/workspaces/Z3SwitchSoc/IAR ARM -
#        Default/Z3SwitchSoc.log" --log initialization,modules,sections,veneers
#        --diag_suppress=Lp012 --redirect _Printf=_PrintfSmallNoMb --redirect
#        _Scanf=_ScanfFullNoMb
#
###############################################################################

*******************************************************************************
*** MESSAGES
***

Warning[Lt009]: Inconsistent wchar_t size
            af-event.o and 317 other objects have wchar_t size 16 bits
            event-control.o(zigbee-pro-leaf-stack.a) and 145 other objects have wchar_t size 32 bits


*******************************************************************************
*** RUNTIME MODEL ATTRIBUTES
***

CppFlavor       = *
__SystemLibrary = DLib
__dlib_version  = 6


*******************************************************************************
*** PLACEMENT SUMMARY
***

"BAT": place at 0x00000000 { section BAT };
"HEADERS":
       place at start of [0x00004000-0x000041ff] { block HEADER_block };
"APP ro":
       place at start of [0x00004200-0x000bffff] { block APPRO_block };
"SIMEE&LOCKBITS":
       place at end of [0x00004200-0x000bffff] {
          zi section SIMEE, zi section INTERNAL_STORAGE, zi section LONGTOKEN,
          zi section PSSTORE, zi section LOCKBITS_IN_MAINFLASH };
"ResetHeap":
       place at start of [0x20000000-0x2000ffef] { block RESETHEAP };
"Guard":
       place in [from 0x20000000 to 0x2000ffef] { rw section GUARD_REGION };
"APP rw":
       place at end of [0x20000000-0x2000ffef] { block APPRW_block };
do not initialize {
   rw section .noinitlegacy, rw section .noinitnew, rw section CSTACK,
   rw section RESETINFO, rw section EMHEAP, zi section SIMEE,
   zi section INTERNAL_STORAGE, zi section LONGTOKEN, zi section PSSTORE,
   zi section LOCKBITS_IN_MAINFLASH };
initialize by copy { rw };

  Section                 Kind        Address     Size  Object
  -------                 ----        -------     ----  ------
"BAT":                                            0x54
  BAT                     uninit   0x00000000     0x54  cstartup-common.o [14]
                                 - 0x00000054     0x54

"HEADERS":                                        0xac
  HEADER_block                     0x00004000     0xac  <Block>
    AAT                   const    0x00004000     0xac  cstartup-common.o [14]
                                 - 0x000040ac     0xac

"APP ro":                                      0x40e54
  APPRO_block                      0x00004200  0x40e54  <Block>
    .intvec               const    0x00004200    0x134  startup_efr32mg21.o [61]
    Initializer bytes     const    0x00004334    0x135  <for .textrw-1>
    .text                          0x0000446c  0x35838  <Block>
      .text               ro code  0x0000446c    0x1b2  af-event.o [47]
      .text               ro code  0x0000461e      0x2  identify-cli.o [26]
      .text               ro code  0x00004620     0x68  multi-network.o [47]
      .text               ro code  0x00004688    0x25c  event-control.o [74]
      .text               ro code  0x000048e4     0x10  crypto-state.o [47]
      .text               ro code  0x000048f4    0xcec  attribute-storage.o [47]
      .text               ro code  0x000055e0      0xc  em_core.o [17]
      .text               ro code  0x000055ec      0x6  em_core.o [17]
      .text               ro code  0x000055f2      0x2  zigbee-stack.o [74]
      .text               ro code  0x000055f4    0x12c  system-timer.o [61]
      .text               ro code  0x00005720    0x1ec  assert-crash-handlers.o [14]
      .text               ro code  0x0000590c     0x1a  em_core.o [17]
      .text               ro code  0x00005926     0x38  ember-configuration.o [1]
      .text               ro code  0x0000595e      0x8  em_core.o [17]
      .text               ro code  0x00005966      0x2  zigbee-stack.o [74]
      .text               ro code  0x00005968     0xf4  callback-stub.o [1]
      .text               ro code  0x00005a5c    0x9ee  util.o [47]
      .text               ro code  0x0000644a      0x2  zigbee-stack.o [74]
      .text               ro code  0x0000644c      0x6  ABImemclr.o [70]
      .text               ro code  0x00006452      0x2  zigbee-stack.o [74]
      .text               ro code  0x00006454     0x78  ABImemmove_unaligned.o [70]
      .text               ro code  0x000064cc     0x6a  znet-bookkeeping.o [1]
      .text               ro code  0x00006536      0x2  zigbee-stack.o [74]
      .text               ro code  0x00006538    0x2ce  ember-multi-network-stub.o [67]
      .text               ro code  0x00006806      0x2  zigbee-stack.o [74]
      .text               ro code  0x00006808     0x94  micro-common.o [14]
      .text               ro code  0x0000689c    0x2f0  token.o [14]
      .text               ro code  0x00006b8c    0x4b8  attribute-table.o [47]
      .text               ro code  0x00007044    0x5a4  sl_sleeptimer.o [16]
      .text               ro code  0x000075e8    0x264  ustimer.o [16]
      .text               ro code  0x0000784c    0x1c4  sleep-efm32.o [14]
      .text               ro code  0x00007a10      0x8  em_core.o [17]
      .text               ro code  0x00007a18      0x6  debug-stub.o [56]
      .text               ro code  0x00007a1e      0x2  zigbee-stack.o [74]
      .text               ro code  0x00007a20     0xe8  serial.o [43]
      .text               ro code  0x00007b08     0x4c  micro-internal.o [61]
      .text               ro code  0x00007b54     0x66  ABImemset.o [70]
      .text               ro code  0x00007bba      0x2  zigbee-stack.o [74]
      .text               ro code  0x00007bbc    0x24c  client-api.o [47]
      .text               ro code  0x00007e08    0x354  eeprom.o [13]
      .text               ro code  0x0000815c    0xa88  reporting.o [40]
      .text               ro code  0x00008be4     0x3e  idle-sleep-soc.o [27]
      .text               ro code  0x00008c22      0x2  zigbee-stack.o [74]
      .text               ro code  0x00008c24    0x164  counters-soc.o [11]
      .text               ro code  0x00008d88   0x18d8  association.o [74]
      .text               ro code  0x0000a660    0x2f8  ember-stack-common.o [74]
      .text               ro code  0x0000a958    0x124  print.o [47]
      .text               ro code  0x0000aa7c    0x114  time-util.o [47]
      .text               ro code  0x0000ab90    0x16c  print-formatter.o [47]
      .text               ro code  0x0000acfc     0x60  process-cluster-message.o [47]
      .text               ro code  0x0000ad5c    0x4c4  process-global-message.o [47]
      .text               ro code  0x0000b220    0x158  message.o [47]
      .text               ro code  0x0000b378      0x6  ABImemclr4.o [70]
      .text               ro code  0x0000b37e      0x2  startup_efr32mg21.o [61]
      .text               ro code  0x0000b380    0x968  af-main-common.o [47]
      .text               ro code  0x0000bce8    0x404  address-table.o [74]
      .text               ro code  0x0000c0ec    0x4e0  binding-table.o [49]
      .text               ro code  0x0000c5cc     0x76  ABImemcpy_unaligned.o [70]
      .text               ro code  0x0000c642      0x2  startup_efr32mg21.o [61]
      .text               ro code  0x0000c644   0x25f0  ikk-user.o [2]
      .text               ro code  0x0000ec34    0x1ea  end-device-support.o [18]
      .text               ro code  0x0000ee1e      0x2  startup_efr32mg21.o [61]
      .text               ro code  0x0000ee20     0x9a  polling-soc.o [18]
      .text               ro code  0x0000eeba      0x2  startup_efr32mg21.o [61]
      .text               ro code  0x0000eebc     0x20  heartbeat.o [24]
      .text               ro code  0x0000eedc      0xe  form-and-join-afv2.o [20]
      .text               ro code  0x0000eeea      0x2  startup_efr32mg21.o [61]
      .text               ro code  0x0000eeec     0x64  network-steering-soc.o [29]
      .text               ro code  0x0000ef50    0x68a  ikk-cluster.o [4]
      .text               ro code  0x0000f5da      0x2  startup_efr32mg21.o [61]
      .text               ro code  0x0000f5dc    0x104  update-tc-link-key.o [46]
      .text               ro code  0x0000f6e0     0x50  random.o [1]
      .text               ro code  0x0000f730     0x92  multi-pan-stub.o [68]
      .text               ro code  0x0000f7c4     0x42  mac-child-stub.o [74]
      .text               ro code  0x0000f808    0xa2c  upper-mac.o [74]
      .text               ro code  0x00010234    0x23c  zigbee-neighbor.o [74]
      .text               ro code  0x00010470    0x64a  af-main-soc.o [47]
      .text               ro code  0x00010abc      0x4  faults-v7m.o [14]
      .text               ro code  0x00010ac0    0x78c  em_cmu.o [17]
      .text               ro code  0x0001124c     0xaa  em_wdog.o [17]
      .text               ro code  0x000112f6      0x4  sim-eeprom2-to-nvm3-upgrade-stub.o [72]
      .text               ro code  0x000112fc   0x1c86  nvm3.o [63]
      .text               ro code  0x00012f84    0x236  mfg-token.o [14]
      .text               ro code  0x000131ba      0x6  ember-base-configuration.o [1]
      .text               ro code  0x000131c0     0x6c  attribute-size.o [47]
      .text               ro code  0x0001322c    0x19e  sl_sleeptimer_hal_rtcc.o [16]
      .text               ro code  0x000133cc     0xee  I64DivMod.o [70]
      .text               ro code  0x000134bc     0x1e  U64Shr.o [70]
      .text               ro code  0x000134dc    0x1c6  em_timer.o [17]
      .text               ro code  0x000136a4    0x3b0  sl_power_manager.o [22]
      .text               ro code  0x00013a54    0x9c8  com.o [42]
      .text               ro code  0x0001441c     0x84  em_emu.o [17]
      .text               ro code  0x000144a0     0x44  em_core.o [17]
      .text               ro code  0x000144e4      0x4  em_core.o [17]
      .text               ro code  0x000144e8    0x2b6  ember-printf.o [15]
      .text               ro code  0x000147a0    0x18c  bootloader-interface-app.o [19]
      .text               ro code  0x0001492c     0x3a  ABImemset48.o [70]
      .text               ro code  0x00014968    0x104  reporting-default-configuration.o [40]
      .text               ro code  0x00014a6c     0xd4  idle-sleep.o [27]
      .text               ro code  0x00014b40    0x844  buffer-management.o [74]
      .text               ro code  0x00015384     0x10  enhanced-beacon-request-stub.o [75]
      .text               ro code  0x00015394    0xa28  beacon-handling.o [74]
      .text               ro code  0x00015dbc    0x408  child-handling.o [74]
      .text               ro code  0x000161c4   0x1c08  network.o [74]
      .text               ro code  0x00017dcc    0xa1c  zigbee-device-util.o [74]
      .text               ro code  0x000187e8    0x188  token-cache.o [74]
      .text               ro code  0x00018970    0x3b4  management.o [74]
      .text               ro code  0x00018d24    0x496  leave.o [74]
      .text               ro code  0x000191ba      0x6  debug-extended-stub.o [57]
      .text               ro code  0x000191c0    0x4e8  zigbee-stack.o [74]
      .text               ro code  0x000196a8    0x49c  scan.o [74]
      .text               ro code  0x00019b44    0x42c  random-id.o [74]
      .text               ro code  0x00019f70    0xf90  aps-security.o [74]
      .text               ro code  0x0001af00     0x24  child-stub.o [74]
      .text               ro code  0x0001af24    0x352  zigbee-scan.o [74]
      .text               ro code  0x0001b278      0xe  zdo-r22-stub.o [75]
      .text               ro code  0x0001b288    0x128  command.o [74]
      .text               ro code  0x0001b3b0    0x210  child-aging.o [74]
      .text               ro code  0x0001b5c0      0xc  ember-multi-phy-stub.o [74]
      .text               ro code  0x0001b5cc      0xc  mac-header.o [74]
      .text               ro code  0x0001b5d8      0x8  mac-header.o [74]
      .text               ro code  0x0001b5e0    0x65c  zigbee-packet-header.o [74]
      .text               ro code  0x0001bc3c    0x212  mac-packet-header.o [74]
      .text               ro code  0x0001be4e     0x18  indirect-queue-stub.o [74]
      .text               ro code  0x0001be68    0x32e  retry.o [74]
      .text               ro code  0x0001c198    0x978  neighbor.o [74]
      .text               ro code  0x0001cb10     0x38  trust-center-util-stub.o [74]
      .text               ro code  0x0001cb48     0x62  memcmp_unaligned.o [70]
      .text               ro code  0x0001cbac     0xb0  mac-flat-header.o [74]
      .text               ro code  0x0001cc5c     0x34  mac-info-element-parsing-stub.o [75]
      .text               ro code  0x0001cc90      0x8  packet-handoff.o [39]
      .text               ro code  0x0001cc98    0x280  mac-dispatch.o [74]
      .text               ro code  0x0001cf18     0x2e  zll-stubs.o [76]
      .text               ro code  0x0001cf48    0x250  zigbee-upper-mac.o [74]
      .text               ro code  0x0001d198   0x13aa  lower-mac-rail-802.15.4.o [74]
      .text               ro code  0x0001e544    0x790  aps-keys.o [74]
      .text               ro code  0x0001ecd4      0xe  gp-stub.o [60]
      .text               ro code  0x0001ece4    0xd48  ota-client.o [33]
      .text               ro code  0x0001fa2c    0x132  call-command-handler.o [1]
      .text               ro code  0x0001fb60    0x270  zigbee-device-library.o [1]
      .text               ro code  0x0001fdd0     0xf8  zigbee-dispatch.o [74]
      .text               ro code  0x0001fec8     0xaa  diagnostic-server-soc.o [12]
      .text               ro code  0x0001ff74    0x480  service-discovery-common.o [47]
      .text               ro code  0x000203f4   0x1388  ikk-network.o [4]
      .text               ro code  0x0002177c    0x12a  end-device-move.o [18]
      .text               ro code  0x000218a8    0x638  network-steering.o [29]
      .text               ro code  0x00021ee0    0x434  ias-zone-server.o [25]
      .text               ro code  0x00022314    0xa94  aps-retry.o [74]
      .text               ro code  0x00022da8    0x2c8  ikk-rtt.o [5]
      .text               ro code  0x00023070    0x5a4  micro.o [14]
      .text               ro code  0x00023614     0xa4  cstartup-common.o [14]
      .text               ro code  0x000236b8    0xa0c  ikk-opt-tunnel.o [4]
      .text               ro code  0x000240c4    0x778  ikk-factory-test.o [4]
      .text               ro code  0x0002483c    0x594  ikk-uart.o [3]
      .text               ro code  0x00024dd0    0x336  ota-storage-simple.o [37]
      .text               ro code  0x00025108    0x138  ikk-ota.o [4]
      .text               ro code  0x00025240    0x36c  ikk-led.o [3]
      .text               ro code  0x000255ac     0x36  strlen.o [70]
      .text               ro code  0x000255e4    0x480  ikk-adc.o [3]
      .text               ro code  0x00025a64    0x39c  ikk-command.o [4]
      .text               ro code  0x00025e00     0x26  crc.o [1]
      .text               ro code  0x00025e28    0x1d0  mfglib.o [66]
      .text               ro code  0x00025ff8     0x3c  ikk-p824m.o [2]
      .text               ro code  0x00026034     0xd4  polling-common.o [18]
      .text               ro code  0x00026108      0x4  led.o [14]
      .text               ro code  0x0002610c    0x33a  form-and-join.o [20]
      .text               ro code  0x00026448     0x54  form-and-join-node-adapter.o [20]
      .text               ro code  0x0002649c    0x2cc  ikk-common-utils.o [4]
      .text               ro code  0x00026768     0x8c  multi-network.o [74]
      .text               ro code  0x000267f4    0x3fc  mac-command.o [74]
      .text               ro code  0x00026bf0    0x3bc  mac-header.o [74]
      .text               ro code  0x00026fac    0x39c  diagnostic.o [14]
      .text               ro code  0x00027348     0x9c  security-address-cache.o [1]
      .text               ro code  0x000273e4    0x724  command-interpreter2.o [1]
      .text               ro code  0x00027b08    0xb6c  application-support.o [74]
      .text               ro code  0x00028674    0x290  legacy-packet-buffer.o [74]
      .text               ro code  0x00028904    0x164  aes-mmo.o [74]
      .text               ro code  0x00028a68     0x58  source-route-stub.o [73]
      .text               ro code  0x00028ac0    0x17c  scan-dispatch.o [41]
      .text               ro code  0x00028c3c     0x70  faults-v7m.o [14]
      .text               ro code  0x00028cac    0x144  system_efr32mg21.o [17]
      .text               ro code  0x00028df0    0x242  nvm3_page.o [63]
      .text               ro code  0x00029034    0x1ba  nvm3_object.o [63]
      .text               ro code  0x000291f0    0x242  nvm3_cache.o [63]
      .text               ro code  0x00029432     0x3e  nvm3_utils.o [63]
      .text               ro code  0x00029470     0x10  nvm3_lock.o [30]
      .text               ro code  0x00029480      0xc  nvm3_lock.o [30]
      .text               ro code  0x0002948c      0x2  nvm3_lock.o [30]
      .text               ro code  0x0002948e     0x18  sl_se_management.o [28]
      .text               ro code  0x000294a8    0x11c  em_se.o [17]
      Veneer              ro code  0x000295c4      0x8  - Linker created -
      .text               ro code  0x000295cc     0x68  flash.o [61]
      .text               ro code  0x00029634     0xe4  em_rtcc.o [17]
      .text               ro code  0x00029718      0x2  I64DivZer.o [70]
      .text               ro code  0x0002971a      0x8  em_core.o [17]
      .text               ro code  0x00029722      0x6  em_core.o [17]
      .text               ro code  0x00029728     0x10  sl_slist.o [22]
      .text               ro code  0x00029738    0x208  sl_power_manager_hal_s2.o [22]
      .text               ro code  0x00029940      0x4  sl_power_manager.o [22]
      .text               ro code  0x00029944    0xcc4  uartdrv.o [16]
      .text               ro code  0x0002a608    0x284  em_usart.o [17]
      .text               ro code  0x0002a88c    0x140  em_gpio.o [17]
      .text               ro code  0x0002a9cc     0x40  btl_interface.o [19]
      .text               ro code  0x0002aa0c     0x42  strcmp_unaligned.o [70]
      .text               ro code  0x0002aa50    0x16c  buffer-queue.o [74]
      .text               ro code  0x0002abbc     0x4e  leaf-routing-stub.o [74]
      .text               ro code  0x0002ac0c    0x254  broadcast.o [74]
      .text               ro code  0x0002ae60     0xa0  unicast-table.o [74]
      .text               ro code  0x0002af00    0x456  crypto.o [74]
      .text               ro code  0x0002b358    0x248  store-forward.o [74]
      .text               ro code  0x0002b5a0    0x5e4  aps-encryption.o [74]
      .text               ro code  0x0002bb84    0x358  jit.o [74]
      .text               ro code  0x0002bedc    0x118  zigbee-mac-header.o [74]
      .text               ro code  0x0002bff4    0x2d0  packet-validate.o [69]
      .text               ro code  0x0002c2c4    0x17c  route-error.o [74]
      .text               ro code  0x0002c440    0xb3c  zigbee-device.o [74]
      .text               ro code  0x0002cf7c      0x8  end-device-bind-stub.o [59]
      .text               ro code  0x0002cf84     0xe8  af-trust-center.o [47]
      .text               ro code  0x0002d06c      0x4  debug-platform-stub.o [56]
      .text               ro code  0x0002d070     0x94  ember-library.o [74]
      .text               ro code  0x0002d104    0x48a  rail_rf.o [64]
      .text               ro code  0x0002d590     0x18  eui64.o [74]
      .text               ro code  0x0002d5a8     0x12  phy-util.o [74]
      .text               ro code  0x0002d5bc    0x126  multi-pan-common.o [68]
      .text               ro code  0x0002d6e2      0x6  cbke-crypto-engine-163k1-stub.o [50]
      .text               ro code  0x0002d6e8      0x6  cbke-crypto-engine-283k1-stub.o [51]
      .text               ro code  0x0002d6ee      0xa  cbke-crypto-engine-stub.o [55]
      .text               ro code  0x0002d6f8     0x58  micro-common-internal.o [61]
      .text               ro code  0x0002d750     0x6c  install-code-tokens.o [62]
      .text               ro code  0x0002d7bc    0x548  aps-keys-transient.o [74]
      .text               ro code  0x0002dd04     0x62  hmac.o [74]
      .text               ro code  0x0002dd66     0x1a  aps-keys-full-stub.o [71]
      .text               ro code  0x0002dd80     0x88  aes-efm32.o [74]
      .text               ro code  0x0002de08      0x2  symbol-timer.o [74]
      .text               ro code  0x0002de0a     0x10  coexistence-802154.o [10]
      .text               ro code  0x0002de1c    0x18c  rail_singleprotocol.o [64]
      .text               ro code  0x0002dfa8     0xe0  hal-config.o [22]
      .text               ro code  0x0002e088     0xd0  rail_tx.o [64]
      .text               ro code  0x0002e158    0x194  rail_ieee802154.o [64]
      .text               ro code  0x0002e2ec     0xe4  rail_data.o [64]
      .text               ro code  0x0002e3d0     0x96  rail_calibration.o [64]
      .text               ro code  0x0002e466      0x8  rail_timer.o [64]
      .text               ro code  0x0002e470     0x34  antenna-stub.o [7]
      .text               ro code  0x0002e4a4     0xb0  rail_autoack.o [64]
      .text               ro code  0x0002e554     0x3a  rail_rx.o [64]
      .text               ro code  0x0002e58e     0x1c  rail_rssi.o [64]
      .text               ro code  0x0002e5ac     0xc8  security-config-mfg.o [74]
      .text               ro code  0x0002e674     0x9e  ota-client-policy.o [34]
      .text               ro code  0x0002e712     0x20  ota-client-page-request.o [33]
      .text               ro code  0x0002e734     0xda  ota-common.o [35]
      .text               ro code  0x0002e810    0x2d0  ota-storage-eeprom-page-erase.o [38]
      .text               ro code  0x0002eae0    0x256  ota-storage-eeprom.o [38]
      .text               ro code  0x0002ed38    0x19c  ota-storage-common.o [36]
      .text               ro code  0x0002eed4      0x4  ota-client-signature-verify.o [33]
      .text               ro code  0x0002eed8     0x28  basic.o [8]
      .text               ro code  0x0002ef00    0x124  identify.o [26]
      .text               ro code  0x0002f024    0x100  zigbee-device-common.o [1]
      .text               ro code  0x0002f124     0x5c  service-discovery-soc.o [47]
      .text               ro code  0x0002f180     0x38  ikk-tick-handler.o [4]
      .text               ro code  0x0002f1b8    0x450  ikk-button.o [3]
      .text               ro code  0x0002f608      0x2  af-security-common.o [47]
      .text               ro code  0x0002f60c    0x31a  SEGGER_RTT.o [5]
      .text               ro code  0x0002f928     0xf8  sl_mpu.o [22]
      .text               ro code  0x0002fa20     0x1c  em_system.o [17]
      .text               ro code  0x0002fa3c     0xde  sl_hfxo_manager.o [23]
      .text               ro code  0x0002fb1c    0x1a0  tempdrv.o [16]
      .text               ro code  0x0002fcbc    0x2d0  rail_power_manager.o [64]
      .text               ro code  0x0002ff8c     0x1c  pa_conversions_efr32.o [64]
      .text               ro code  0x0002ffa8     0x1c  em_rmu.o [17]
      .text               ro code  0x0002ffc4    0xbae  zcl-cli.o [47]
      .text               ro code  0x00030b74     0xec  ikk-pwm.o [3]
      .text               ro code  0x00030c60      0xc  tolower.o [58]
      .text               ro code  0x00030c6c     0x20  srand.o [58]
      .text               ro code  0x00030c8c     0xe0  rand.o [58]
      .text               ro code  0x00030d6c    0x53c  core-cli.o [47]
      .text               ro code  0x000312a8      0x4  cbke-crypto-engine-dsa-sign-stub.o [52]
      .text               ro code  0x000312ac      0xc  sl_se_manager.o [28]
      .text               ro code  0x000312b8     0x2c  em_msc.o [17]
      .text               ro code  0x000312e4    0x284  sl_hfxo_manager_hal_s2.o [23]
      .text               ro code  0x00031568    0x418  dmadrv.o [16]
      .text               ro code  0x00031980     0xc0  gpiointerrupt.o [16]
      .text               ro code  0x00031a40     0x4c  em_core.o [17]
      .text               ro code  0x00031a8c    0x1c4  ccm-star.o [9]
      .text               ro code  0x00031c50    0x1c4  zdo-binding-table.o [49]
      .text               ro code  0x00031e14    0x3e4  zdo-channel.o [74]
      .text               ro code  0x000321f8     0x28  rfhal_module.o [64]
      .text               ro code  0x00032220   0x177c  rail_rf_hal.o [64]
      .text               ro code  0x0003399c     0x18  rail_assert.o [64]
      .text               ro code  0x000339b4     0xd4  pa_conversions_efr32.o [64]
      .text               ro code  0x00033a88     0xc8  rfhal_antenna.o [64]
      .text               ro code  0x00033b50    0x104  se_aes.o [28]
      .text               ro code  0x00033c54     0xb4  pa_conversions_efr32.o [64]
      .text               ro code  0x00033d08    0x228  rail_ieee802154_rf_hal.o [64]
      .text               ro code  0x00033f30     0xe8  rfhal_ircal.o [64]
      .text               ro code  0x00034018      0x4  eeprom-afv2.o [13]
      .text               ro code  0x0003401c     0x18  ota-bootload-soc.o [32]
      .text               ro code  0x00034034    0x156  eeprom-cli.o [13]
      .text               ro code  0x0003418c    0x1cc  ikk-relay.o [3]
      .text               ro code  0x00034358      0x4  faults-v7m.o [14]
      .text               ro code  0x0003435c    0x380  security-cli.o [47]
      .text               ro code  0x000346dc      0x2  xtls.o [58]
      .text               ro code  0x000346de      0x4  strong-random-api.o [45]
      .text               ro code  0x000346e4    0x188  em_ldma.o [17]
      .text               ro code  0x0003486c    0x264  rfhal_timings.o [64]
      .text               ro code  0x00034ad0     0x12  rail_ble_rf_hal.o [64]
      .text               ro code  0x00034ae4    0x5fc  rfhal_radio.o [64]
      .text               ro code  0x000350e0    0xfc0  generic_phy.o [64]
      .text               ro code  0x000360a0    0x7cc  rfhal_pa.o [64]
      .text               ro code  0x0003686c    0x650  rfhal_bufc.o [64]
      .text               ro code  0x00036ebc    0x54e  rfhal_protimer.o [64]
      .text               ro code  0x0003740c     0x34  rfhal_tempcal.o [64]
      .text               ro code  0x00037440    0x3b8  rfhal_synth.o [64]
      .text               ro code  0x000377f8    0x124  rfhal_rand.o [64]
      .text               ro code  0x0003791c    0x168  rfhal_rtccsync.o [64]
      .text               ro code  0x00037a84    0x180  ikk-timer.o [3]
      .text               ro code  0x00037c04     0x54  seq_globals.o [64]
      .text               ro code  0x00037c58     0x22  I64Shl.o [70]
      .text               ro code  0x00037c7a      0x4  rail_mfm_rf_hal.o [64]
      .text               ro code  0x00037c80    0x10c  rfhal_pti.o [64]
      .text               ro code  0x00037d8c     0x18  rfhal_rtccsync.o [64]
      .text               ro code  0x00037da4     0x1c  I32ToDbl.o [65]
      .text               ro code  0x00037dc0    0x256  DblDiv.o [65]
      .text               ro code  0x00038018    0x1a2  DblMul.o [65]
      .text               ro code  0x000381bc     0x2c  DblToI32.o [65]
      .text               ro code  0x000381e8    0x330  network-cli.o [47]
      .text               ro code  0x00038518    0x35c  option-cli.o [47]
      .text               ro code  0x00038874    0x560  zdo-cli.o [47]
      .text               ro code  0x00038dd4     0xf2  reporting-cli.o [40]
      .text               ro code  0x00038ec8    0x140  ota-storage-common-cli.o [36]
      .text               ro code  0x00039008     0xb0  ota-client-cli.o [33]
      .text               ro code  0x000390b8     0x2c  ota-bootload-cli.o [32]
      .text               ro code  0x000390e4     0x8c  bootloader-interface.o [19]
      Veneer              ro code  0x00039170      0x8  - Linker created -
      .text               ro code  0x00039178     0xf8  nvm3_hal_flash.o [31]
      .text               ro code  0x00039270    0x218  network-steering-cli.o [29]
      .text               ro code  0x00039488     0x88  idle-sleep-cli.o [27]
      .text               ro code  0x00039510    0x154  end-device-support-cli.o [18]
      .text               ro code  0x00039664      0x4  faults-v7m.o [14]
      .text               ro code  0x00039668      0x4  faults-v7m.o [14]
      .text               ro code  0x0003966c      0x4  faults-v7m.o [14]
      .text               ro code  0x00039670      0x4  faults-v7m.o [14]
      .text               ro code  0x00039674      0x4  faults-v7m.o [14]
      .text               ro code  0x00039678      0x4  isr-stubs.o [14]
      .text               ro code  0x0003967c     0xc4  counters-cli.o [11]
      .text               ro code  0x00039740    0x13c  address-table-cli.o [6]
      .text               ro code  0x0003987c    0x11c  address-table.o [6]
      .text               ro code  0x00039998     0xac  library.o [1]
      .text               ro code  0x00039a44     0x22  fpinit_M.o [65]
      .text               ro code  0x00039a68     0x1a  cmain.o [70]
      .text               ro code  0x00039a82      0x4  low_level_init.o [58]
      .text               ro code  0x00039a88     0x28  data_init.o [70]
      .text               ro code  0x00039ab0     0x16  simple-main.o [44]
      .text               ro code  0x00039ac6      0x4  exit.o [58]
      .text               ro code  0x00039aca      0x4  sl_mbedtls.o [28]
      .text               ro code  0x00039ad0      0xa  cexit.o [70]
      .text               ro code  0x00039adc      0xc  XXexit.o [70]
      .text               ro code  0x00039ae8     0x10  update-tc-link-key-cli.o [46]
      .text               ro code  0x00039af8     0xb6  ias-zone-server-cli.o [25]
      .text               ro code  0x00039bae     0x24  znet-cli.o [1]
      .text               ro code  0x00039bd2      0xe  startup_efr32mg21.o [61]
      .text               ro code  0x00039be0      0xc  cstartup_M.o [70]
      .text               ro code  0x00039bec     0x40  zero_init3.o [70]
      .text               ro code  0x00039c2c     0x78  lz77_init_single.o [70]
    .rodata               const    0x00039ca4     0x20  af-event.o [47]
    .rodata               const    0x00039cc4     0x20  af-event.o [47]
    .rodata               const    0x00039ce4     0x20  af-event.o [47]
    .rodata               const    0x00039d04     0x20  af-event.o [47]
    .rodata               const    0x00039d24     0x20  af-event.o [47]
    .rodata               const    0x00039d44     0x30  af-event.o [47]
    .rodata               const    0x00039d74     0x20  af-event.o [47]
    .rodata               const    0x00039d94     0x28  af-event.o [47]
    .rodata               const    0x00039dbc     0x24  af-event.o [47]
    .rodata               const    0x00039de0     0x28  af-event.o [47]
    .rodata               const    0x00039e08     0x34  af-event.o [47]
    .rodata               const    0x00039e3c     0x18  af-event.o [47]
    .rodata               const    0x00039e54     0x30  af-event.o [47]
    .rodata               const    0x00039e84      0xc  af-event.o [47]
    .rodata               const    0x00039e90     0x28  af-event.o [47]
    .rodata               const    0x00039eb8     0x28  af-event.o [47]
    .rodata               const    0x00039ee0     0x20  af-event.o [47]
    .rodata               const    0x00039f00      0xc  af-main-common.o [47]
    .rodata               const    0x00039f0c      0x8  af-main-common.o [47]
    .rodata               const    0x00039f14      0x8  af-main-common.o [47]
    .rodata               const    0x00039f1c      0x8  af-main-common.o [47]
    .rodata               const    0x00039f24      0x8  af-main-common.o [47]
    .rodata               const    0x00039f2c      0x8  af-main-common.o [47]
    .rodata               const    0x00039f34      0x8  af-main-common.o [47]
    .rodata               const    0x00039f3c      0x4  af-main-common.o [47]
    .rodata               const    0x00039f40      0x8  af-main-common.o [47]
    .rodata               const    0x00039f48      0x8  af-main-common.o [47]
    .rodata               const    0x00039f50     0x10  af-main-common.o [47]
    .rodata               const    0x00039f60      0x8  af-main-common.o [47]
    .rodata               const    0x00039f68      0x4  af-main-common.o [47]
    .rodata               const    0x00039f6c     0x3c  af-main-common.o [47]
    .rodata               const    0x00039fa8     0x18  af-main-common.o [47]
    .rodata               const    0x00039fc0     0x28  af-main-common.o [47]
    .rodata               const    0x00039fe8     0x14  af-main-common.o [47]
    .rodata               const    0x00039ffc      0x8  af-main-common.o [47]
    .rodata               const    0x0003a004      0x8  af-main-common.o [47]
    .rodata               const    0x0003a00c     0x10  af-main-common.o [47]
    .rodata               const    0x0003a01c     0x28  af-main-common.o [47]
    .rodata               const    0x0003a044     0x18  af-main-common.o [47]
    .rodata               const    0x0003a05c     0x1c  af-main-common.o [47]
    .rodata               const    0x0003a078     0x24  af-main-common.o [47]
    .rodata               const    0x0003a09c      0x8  af-main-common.o [47]
    .rodata               const    0x0003a0a4     0x14  af-main-common.o [47]
    .rodata               const    0x0003a0b8     0x34  af-main-common.o [47]
    .rodata               const    0x0003a0ec     0x30  af-main-common.o [47]
    .rodata               const    0x0003a11c     0x14  af-main-common.o [47]
    .rodata               const    0x0003a130      0x8  af-main-common.o [47]
    .rodata               const    0x0003a138      0x8  af-main-common.o [47]
    .rodata               const    0x0003a140      0xc  af-main-common.o [47]
    .rodata               const    0x0003a14c      0x8  af-main-common.o [47]
    .rodata               const    0x0003a154     0x10  af-main-common.o [47]
    .rodata               const    0x0003a164      0x8  af-main-common.o [47]
    .rodata               const    0x0003a16c      0xc  af-main-common.o [47]
    .rodata               const    0x0003a178     0x20  af-main-common.o [47]
    .rodata               const    0x0003a198      0xc  af-main-common.o [47]
    .rodata               const    0x0003a1a4      0xc  af-main-common.o [47]
    .rodata               const    0x0003a1b0      0x8  af-main-common.o [47]
    .rodata               const    0x0003a1b8     0x20  af-main-common.o [47]
    .rodata               const    0x0003a1d8     0x18  af-main-common.o [47]
    .rodata               const    0x0003a1f0     0x18  af-main-common.o [47]
    .rodata               const    0x0003a208     0x30  af-main-common.o [47]
    .rodata               const    0x0003a238     0x20  af-main-common.o [47]
    .rodata               const    0x0003a258      0x4  af-main-common.o [47]
    .rodata               const    0x0003a25c     0x1c  af-main-common.o [47]
    .rodata               const    0x0003a278      0x8  af-main-common.o [47]
    .rodata               const    0x0003a280     0x18  af-main-common.o [47]
    .rodata               const    0x0003a298     0x10  af-main-common.o [47]
    .rodata               const    0x0003a2a8     0x10  af-main-common.o [47]
    .rodata               const    0x0003a2b8     0x48  af-main-common.o [47]
    .rodata               const    0x0003a300     0x18  af-main-soc.o [47]
    .rodata               const    0x0003a318     0x20  af-main-soc.o [47]
    .rodata               const    0x0003a338     0x14  af-main-soc.o [47]
    .rodata               const    0x0003a34c      0x8  af-main-soc.o [47]
    .rodata               const    0x0003a354     0x10  af-main-soc.o [47]
    .rodata               const    0x0003a364      0xc  af-main-soc.o [47]
    .rodata               const    0x0003a370     0x18  af-main-soc.o [47]
    .rodata               const    0x0003a388      0xc  af-main-soc.o [47]
    .rodata               const    0x0003a394      0xc  af-main-soc.o [47]
    .rodata               const    0x0003a3a0     0x18  af-main-soc.o [47]
    .rodata               const    0x0003a3b8     0x18  af-main-soc.o [47]
    .rodata               const    0x0003a3d0      0x4  af-trust-center.o [47]
    .rodata               const    0x0003a3d4     0x30  attribute-size.o [47]
    .rodata               const    0x0003a404     0x70  attribute-storage.o [47]
    .rodata               const    0x0003a474      0x8  attribute-storage.o [47]
    .rodata               const    0x0003a47c      0x8  attribute-storage.o [47]
    .rodata               const    0x0003a484      0xc  attribute-storage.o [47]
    .rodata               const    0x0003a490     0x28  attribute-storage.o [47]
    .rodata               const    0x0003a4b8      0x4  attribute-storage.o [47]
    .rodata               const    0x0003a4bc    0x24c  attribute-storage.o [47]
    .rodata               const    0x0003a708     0xdc  attribute-storage.o [47]
    .rodata               const    0x0003a7e4      0x8  attribute-storage.o [47]
    .rodata               const    0x0003a7ec      0x4  attribute-storage.o [47]
    .rodata               const    0x0003a7f0      0x4  attribute-storage.o [47]
    .rodata               const    0x0003a7f4     0x28  client-api.o [47]
    .rodata               const    0x0003a81c     0x1c  client-api.o [47]
    .rodata               const    0x0003a838     0x34  client-api.o [47]
    .rodata               const    0x0003a86c     0x30  client-api.o [47]
    .rodata               const    0x0003a89c     0x10  core-cli.o [47]
    .rodata               const    0x0003a8ac     0x10  core-cli.o [47]
    .rodata               const    0x0003a8bc     0x18  core-cli.o [47]
    .rodata               const    0x0003a8d4     0x1c  core-cli.o [47]
    .rodata               const    0x0003a8f0      0x8  core-cli.o [47]
    .rodata               const    0x0003a8f8     0x18  core-cli.o [47]
    .rodata               const    0x0003a910     0x18  core-cli.o [47]
    .rodata               const    0x0003a928      0x8  core-cli.o [47]
    .rodata               const    0x0003a930     0x20  core-cli.o [47]
    .rodata               const    0x0003a950      0xc  core-cli.o [47]
    .rodata               const    0x0003a95c      0xc  core-cli.o [47]
    .rodata               const    0x0003a968     0x20  core-cli.o [47]
    .rodata               const    0x0003a988      0xc  core-cli.o [47]
    .rodata               const    0x0003a994     0x24  core-cli.o [47]
    .rodata               const    0x0003a9b8      0xc  core-cli.o [47]
    .rodata               const    0x0003a9c4      0x8  core-cli.o [47]
    .rodata               const    0x0003a9cc      0x8  core-cli.o [47]
    .rodata               const    0x0003a9d4     0x10  core-cli.o [47]
    .rodata               const    0x0003a9e4      0xc  core-cli.o [47]
    .rodata               const    0x0003a9f0     0x14  core-cli.o [47]
    .rodata               const    0x0003aa04      0xc  core-cli.o [47]
    .rodata               const    0x0003aa10     0x20  core-cli.o [47]
    .rodata               const    0x0003aa30      0x8  core-cli.o [47]
    .rodata               const    0x0003aa38      0xc  core-cli.o [47]
    .rodata               const    0x0003aa44     0x34  core-cli.o [47]
    .rodata               const    0x0003aa78     0x18  core-cli.o [47]
    .rodata               const    0x0003aa90      0xc  core-cli.o [47]
    .rodata               const    0x0003aa9c      0xc  core-cli.o [47]
    .rodata               const    0x0003aaa8     0x10  core-cli.o [47]
    .rodata               const    0x0003aab8      0xc  core-cli.o [47]
    .rodata               const    0x0003aac4      0xc  core-cli.o [47]
    .rodata               const    0x0003aad0     0x14  core-cli.o [47]
    .rodata               const    0x0003aae4     0x1c  core-cli.o [47]
    .rodata               const    0x0003ab00      0x8  core-cli.o [47]
    .rodata               const    0x0003ab08      0xc  core-cli.o [47]
    .rodata               const    0x0003ab14      0x8  core-cli.o [47]
    .rodata               const    0x0003ab1c     0x20  core-cli.o [47]
    .rodata               const    0x0003ab3c      0x8  core-cli.o [47]
    .rodata               const    0x0003ab44     0x10  core-cli.o [47]
    .rodata               const    0x0003ab54     0x10  core-cli.o [47]
    .rodata               const    0x0003ab64      0x8  core-cli.o [47]
    .rodata               const    0x0003ab6c      0xc  core-cli.o [47]
    .rodata               const    0x0003ab78      0x8  core-cli.o [47]
    .rodata               const    0x0003ab80      0xc  core-cli.o [47]
    .rodata               const    0x0003ab8c     0x1c  core-cli.o [47]
    .rodata               const    0x0003aba8      0x4  core-cli.o [47]
    .rodata               const    0x0003abac     0x18  message.o [47]
    .rodata               const    0x0003abc4     0x18  network-cli.o [47]
    .rodata               const    0x0003abdc      0x8  network-cli.o [47]
    .rodata               const    0x0003abe4      0x8  network-cli.o [47]
    .rodata               const    0x0003abec      0x8  network-cli.o [47]
    .rodata               const    0x0003abf4     0x18  network-cli.o [47]
    .rodata               const    0x0003ac0c     0x1c  network-cli.o [47]
    .rodata               const    0x0003ac28     0x10  network-cli.o [47]
    .rodata               const    0x0003ac38      0x8  network-cli.o [47]
    .rodata               const    0x0003ac40     0x14  network-cli.o [47]
    .rodata               const    0x0003ac54      0xc  network-cli.o [47]
    .rodata               const    0x0003ac60     0x14  network-cli.o [47]
    .rodata               const    0x0003ac74     0x14  network-cli.o [47]
    .rodata               const    0x0003ac88     0x20  network-cli.o [47]
    .rodata               const    0x0003aca8      0x4  network-cli.o [47]
    .rodata               const    0x0003acac     0x1c  network-cli.o [47]
    .rodata               const    0x0003acc8     0x18  network-cli.o [47]
    .rodata               const    0x0003ace0     0x1c  network-cli.o [47]
    .rodata               const    0x0003acfc     0x10  network-cli.o [47]
    .rodata               const    0x0003ad0c     0x1c  network-cli.o [47]
    .rodata               const    0x0003ad28     0x18  network-cli.o [47]
    .rodata               const    0x0003ad40      0x8  network-cli.o [47]
    .rodata               const    0x0003ad48     0x14  network-cli.o [47]
    .rodata               const    0x0003ad5c     0x14  network-cli.o [47]
    .rodata               const    0x0003ad70      0x8  network-cli.o [47]
    .rodata               const    0x0003ad78     0x1c  network-cli.o [47]
    .rodata               const    0x0003ad94     0x20  network-cli.o [47]
    .rodata               const    0x0003adb4     0x30  network-cli.o [47]
    .rodata               const    0x0003ade4     0x30  network-cli.o [47]
    .rodata               const    0x0003ae14     0x1c  option-cli.o [47]
    .rodata               const    0x0003ae30      0xc  option-cli.o [47]
    .rodata               const    0x0003ae3c     0x1c  option-cli.o [47]
    .rodata               const    0x0003ae58     0x18  option-cli.o [47]
    .rodata               const    0x0003ae70     0x14  option-cli.o [47]
    .rodata               const    0x0003ae84      0xc  option-cli.o [47]
    .rodata               const    0x0003ae90      0x8  option-cli.o [47]
    .rodata               const    0x0003ae98      0x8  option-cli.o [47]
    .rodata               const    0x0003aea0      0x8  option-cli.o [47]
    .rodata               const    0x0003aea8      0x8  option-cli.o [47]
    .rodata               const    0x0003aeb0      0x8  option-cli.o [47]
    .rodata               const    0x0003aeb8      0x8  option-cli.o [47]
    .rodata               const    0x0003aec0      0x8  option-cli.o [47]
    .rodata               const    0x0003aec8     0x30  option-cli.o [47]
    .rodata               const    0x0003aef8      0x8  option-cli.o [47]
    .rodata               const    0x0003af00     0x24  option-cli.o [47]
    .rodata               const    0x0003af24     0x20  option-cli.o [47]
    .rodata               const    0x0003af44     0x18  option-cli.o [47]
    .rodata               const    0x0003af5c     0x10  option-cli.o [47]
    .rodata               const    0x0003af6c     0x24  option-cli.o [47]
    .rodata               const    0x0003af90     0x3c  option-cli.o [47]
    .rodata               const    0x0003afcc     0x20  option-cli.o [47]
    .rodata               const    0x0003afec     0x18  option-cli.o [47]
    .rodata               const    0x0003b004     0x14  option-cli.o [47]
    .rodata               const    0x0003b018     0x14  option-cli.o [47]
    .rodata               const    0x0003b02c     0x18  print-formatter.o [47]
    .rodata               const    0x0003b044      0x8  print.o [47]
    .rodata               const    0x0003b04c      0x8  print.o [47]
    .rodata               const    0x0003b054      0xc  print.o [47]
    .rodata               const    0x0003b060     0x1c  print.o [47]
    .rodata               const    0x0003b07c     0x10  print.o [47]
    .rodata               const    0x0003b08c     0x2c  process-cluster-message.o [47]
    .rodata               const    0x0003b0b8      0x8  process-cluster-message.o [47]
    .rodata               const    0x0003b0c0      0xc  process-global-message.o [47]
    .rodata               const    0x0003b0cc     0x1c  process-global-message.o [47]
    .rodata               const    0x0003b0e8      0x8  process-global-message.o [47]
    .rodata               const    0x0003b0f0     0x18  process-global-message.o [47]
    .rodata               const    0x0003b108     0x18  security-cli.o [47]
    .rodata               const    0x0003b120      0x8  security-cli.o [47]
    .rodata               const    0x0003b128      0x8  security-cli.o [47]
    .rodata               const    0x0003b130     0x38  security-cli.o [47]
    .rodata               const    0x0003b168     0x10  security-cli.o [47]
    .rodata               const    0x0003b178      0x8  security-cli.o [47]
    .rodata               const    0x0003b180     0x14  security-cli.o [47]
    .rodata               const    0x0003b194      0x8  security-cli.o [47]
    .rodata               const    0x0003b19c      0xc  security-cli.o [47]
    .rodata               const    0x0003b1a8      0x8  security-cli.o [47]
    .rodata               const    0x0003b1b0      0xc  security-cli.o [47]
    .rodata               const    0x0003b1bc     0x14  security-cli.o [47]
    .rodata               const    0x0003b1d0     0x10  security-cli.o [47]
    .rodata               const    0x0003b1e0     0x28  security-cli.o [47]
    .rodata               const    0x0003b208     0x38  security-cli.o [47]
    .rodata               const    0x0003b240      0x8  security-cli.o [47]
    .rodata               const    0x0003b248      0x8  security-cli.o [47]
    .rodata               const    0x0003b250      0x8  security-cli.o [47]
    .rodata               const    0x0003b258     0x10  security-cli.o [47]
    .rodata               const    0x0003b268     0x48  security-cli.o [47]
    .rodata               const    0x0003b2b0      0xc  security-cli.o [47]
    .rodata               const    0x0003b2bc      0x8  security-cli.o [47]
    .rodata               const    0x0003b2c4      0xc  security-cli.o [47]
    .rodata               const    0x0003b2d0     0x44  security-cli.o [47]
    .rodata               const    0x0003b314      0x8  security-cli.o [47]
    .rodata               const    0x0003b31c      0xc  security-cli.o [47]
    .rodata               const    0x0003b328     0x50  security-cli.o [47]
    .rodata               const    0x0003b378     0x24  time-util.o [47]
    .rodata               const    0x0003b39c      0xc  time-util.o [47]
    .rodata               const    0x0003b3a8      0x8  util.o [47]
    .rodata               const    0x0003b3b0      0xc  util.o [47]
    .rodata               const    0x0003b3bc     0x1c  util.o [47]
    .rodata               const    0x0003b3d8     0x18  util.o [47]
    .rodata               const    0x0003b3f0      0xc  util.o [47]
    .rodata               const    0x0003b3fc      0xc  util.o [47]
    .rodata               const    0x0003b408      0xc  util.o [47]
    .rodata               const    0x0003b414     0x18  util.o [47]
    .rodata               const    0x0003b42c      0x8  util.o [47]
    .rodata               const    0x0003b434      0x8  util.o [47]
    .rodata               const    0x0003b43c     0x20  util.o [47]
    .rodata               const    0x0003b45c      0xc  util.o [47]
    .rodata               const    0x0003b468     0x20  util.o [47]
    .rodata               const    0x0003b488     0x20  util.o [47]
    .rodata               const    0x0003b4a8     0x1c  util.o [47]
    .rodata               const    0x0003b4c4      0x8  util.o [47]
    .rodata               const    0x0003b4cc     0x28  util.o [47]
    .rodata               const    0x0003b4f4      0x8  util.o [47]
    .rodata               const    0x0003b4fc      0x8  util.o [47]
    .rodata               const    0x0003b504      0x8  util.o [47]
    .rodata               const    0x0003b50c      0x8  util.o [47]
    .rodata               const    0x0003b514     0x1c  util.o [47]
    .rodata               const    0x0003b530      0x8  util.o [47]
    .rodata               const    0x0003b538     0x1c  util.o [47]
    .rodata               const    0x0003b554     0x28  util.o [47]
    .rodata               const    0x0003b57c     0x28  util.o [47]
    .rodata               const    0x0003b5a4      0x8  util.o [47]
    .rodata               const    0x0003b5ac     0x28  util.o [47]
    .rodata               const    0x0003b5d4     0x1c  util.o [47]
    .rodata               const    0x0003b5f0      0x8  util.o [47]
    .rodata               const    0x0003b5f8     0x10  util.o [47]
    .rodata               const    0x0003b608     0x10  util.o [47]
    .rodata               const    0x0003b618     0x48  util.o [47]
    .rodata               const    0x0003b660     0x20  util.o [47]
    .rodata               const    0x0003b680     0x14  util.o [47]
    .rodata               const    0x0003b694     0x24  zcl-cli.o [47]
    .rodata               const    0x0003b6b8      0xc  zcl-cli.o [47]
    .rodata               const    0x0003b6c4     0x44  zcl-cli.o [47]
    .rodata               const    0x0003b708     0x28  zcl-cli.o [47]
    .rodata               const    0x0003b730     0x34  zcl-cli.o [47]
    .rodata               const    0x0003b764     0x30  zcl-cli.o [47]
    .rodata               const    0x0003b794     0x5c  zcl-cli.o [47]
    .rodata               const    0x0003b7f0      0x8  zcl-cli.o [47]
    .rodata               const    0x0003b7f8     0x28  zcl-cli.o [47]
    .rodata               const    0x0003b820     0x1c  zcl-cli.o [47]
    .rodata               const    0x0003b83c     0x10  zcl-cli.o [47]
    .rodata               const    0x0003b84c     0x10  zcl-cli.o [47]
    .rodata               const    0x0003b85c     0x10  zcl-cli.o [47]
    .rodata               const    0x0003b86c     0x14  zcl-cli.o [47]
    .rodata               const    0x0003b880     0x1c  zcl-cli.o [47]
    .rodata               const    0x0003b89c     0x14  zcl-cli.o [47]
    .rodata               const    0x0003b8b0     0x10  zcl-cli.o [47]
    .rodata               const    0x0003b8c0      0x8  zcl-cli.o [47]
    .rodata               const    0x0003b8c8      0x8  zcl-cli.o [47]
    .rodata               const    0x0003b8d0     0x14  zcl-cli.o [47]
    .rodata               const    0x0003b8e4     0x10  zcl-cli.o [47]
    .rodata               const    0x0003b8f4     0x24  zcl-cli.o [47]
    .rodata               const    0x0003b918      0x8  zcl-cli.o [47]
    .rodata               const    0x0003b920      0xc  zcl-cli.o [47]
    .rodata               const    0x0003b92c     0x10  zcl-cli.o [47]
    .rodata               const    0x0003b93c      0x8  zcl-cli.o [47]
    .rodata               const    0x0003b944      0x8  zcl-cli.o [47]
    .rodata               const    0x0003b94c     0x18  zcl-cli.o [47]
    .rodata               const    0x0003b964     0x18  zcl-cli.o [47]
    .rodata               const    0x0003b97c      0x8  zcl-cli.o [47]
    .rodata               const    0x0003b984     0x18  zcl-cli.o [47]
    .rodata               const    0x0003b99c      0x8  zcl-cli.o [47]
    .rodata               const    0x0003b9a4     0x18  zdo-cli.o [47]
    .rodata               const    0x0003b9bc     0x18  zdo-cli.o [47]
    .rodata               const    0x0003b9d4     0x18  zdo-cli.o [47]
    .rodata               const    0x0003b9ec     0x40  zdo-cli.o [47]
    .rodata               const    0x0003ba2c     0x30  zdo-cli.o [47]
    .rodata               const    0x0003ba5c     0x10  zdo-cli.o [47]
    .rodata               const    0x0003ba6c     0x18  zdo-cli.o [47]
    .rodata               const    0x0003ba84     0x20  zdo-cli.o [47]
    .rodata               const    0x0003baa4     0x1c  zdo-cli.o [47]
    .rodata               const    0x0003bac0     0x20  zdo-cli.o [47]
    .rodata               const    0x0003bae0     0x20  zdo-cli.o [47]
    .rodata               const    0x0003bb00     0x14  zdo-cli.o [47]
    .rodata               const    0x0003bb14     0x20  zdo-cli.o [47]
    .rodata               const    0x0003bb34     0x20  zdo-cli.o [47]
    .rodata               const    0x0003bb54     0x18  zdo-cli.o [47]
    .rodata               const    0x0003bb6c     0x1c  zdo-cli.o [47]
    .rodata               const    0x0003bb88     0x10  zdo-cli.o [47]
    .rodata               const    0x0003bb98      0xc  zdo-cli.o [47]
    .rodata               const    0x0003bba4     0x18  zdo-cli.o [47]
    .rodata               const    0x0003bbbc     0x14  zdo-cli.o [47]
    .rodata               const    0x0003bbd0      0x8  zdo-cli.o [47]
    .rodata               const    0x0003bbd8      0x8  zdo-cli.o [47]
    .rodata               const    0x0003bbe0     0x34  zdo-cli.o [47]
    .rodata               const    0x0003bc14     0x14  zdo-cli.o [47]
    .rodata               const    0x0003bc28     0x14  update-tc-link-key.o [46]
    .rodata               const    0x0003bc3c     0x18  update-tc-link-key.o [46]
    .rodata               const    0x0003bc54      0x8  update-tc-link-key.o [46]
    .rodata               const    0x0003bc5c      0x8  update-tc-link-key.o [46]
    .rodata               const    0x0003bc64      0xc  update-tc-link-key.o [46]
    .rodata               const    0x0003bc70     0x10  update-tc-link-key.o [46]
    .rodata               const    0x0003bc80     0x30  update-tc-link-key.o [46]
    .rodata               const    0x0003bcb0     0x28  serial.o [43]
    .rodata               const    0x0003bcd8     0x24  serial.o [43]
    .rodata               const    0x0003bcfc      0x8  com.o [42]
    .rodata               const    0x0003bd04     0xc8  reporting-default-configuration.o [40]
    .rodata               const    0x0003bdcc     0x20  reporting.o [40]
    .rodata               const    0x0003bdec     0x18  reporting.o [40]
    .rodata               const    0x0003be04     0x20  ota-storage-eeprom-page-erase.o [38]
    .rodata               const    0x0003be24     0x18  ota-storage-eeprom.o [38]
    .rodata               const    0x0003be3c      0x4  ota-storage-eeprom.o [38]
    .rodata               const    0x0003be40      0xc  ota-storage-eeprom.o [38]
    .rodata               const    0x0003be4c      0xc  ota-storage-eeprom.o [38]
    .rodata               const    0x0003be58      0x4  ota-storage-simple.o [37]
    .rodata               const    0x0003be5c     0x10  ota-storage-common.o [36]
    .rodata               const    0x0003be6c     0x14  ota-common.o [35]
    .rodata               const    0x0003be80      0xc  ota-common.o [35]
    .rodata               const    0x0003be8c     0x20  ota-client-cli.o [33]
    .rodata               const    0x0003beac      0x8  ota-client-cli.o [33]
    .rodata               const    0x0003beb4      0x8  ota-client-cli.o [33]
    .rodata               const    0x0003bebc      0xc  ota-client.o [33]
    .rodata               const    0x0003bec8      0xc  ota-client.o [33]
    .rodata               const    0x0003bed4      0x4  ota-client.o [33]
    .rodata               const    0x0003bed8      0x8  ota-client.o [33]
    .rodata               const    0x0003bee0     0x14  ota-bootload-soc.o [32]
    .rodata               const    0x0003bef4     0x1c  nvm3_hal_flash.o [31]
    .rodata               const    0x0003bf10      0x4  nvm3_lock.o [30]
    .rodata               const    0x0003bf14     0x18  network-steering-cli.o [29]
    .rodata               const    0x0003bf2c     0x14  network-steering-cli.o [29]
    .rodata               const    0x0003bf40      0x8  network-steering-cli.o [29]
    .rodata               const    0x0003bf48      0xc  network-steering-cli.o [29]
    .rodata               const    0x0003bf54     0x14  network-steering-cli.o [29]
    .rodata               const    0x0003bf68     0x1c  network-steering-cli.o [29]
    .rodata               const    0x0003bf84      0x8  network-steering-cli.o [29]
    .rodata               const    0x0003bf8c      0xc  network-steering-cli.o [29]
    .rodata               const    0x0003bf98      0x8  network-steering-cli.o [29]
    .rodata               const    0x0003bfa0      0x8  network-steering-cli.o [29]
    .rodata               const    0x0003bfa8     0x10  network-steering-cli.o [29]
    .rodata               const    0x0003bfb8     0x10  network-steering-cli.o [29]
    .rodata               const    0x0003bfc8     0x10  network-steering-cli.o [29]
    .rodata               const    0x0003bfd8     0x14  network-steering-cli.o [29]
    .rodata               const    0x0003bfec     0x14  network-steering-cli.o [29]
    .rodata               const    0x0003c000     0x14  network-steering-cli.o [29]
    .rodata               const    0x0003c014     0x14  network-steering-cli.o [29]
    .rodata               const    0x0003c028     0x14  network-steering-cli.o [29]
    .rodata               const    0x0003c03c     0x14  network-steering-cli.o [29]
    .rodata               const    0x0003c050     0x10  network-steering-cli.o [29]
    .rodata               const    0x0003c060      0x8  network-steering-cli.o [29]
    .rodata               const    0x0003c068     0x2c  network-steering-soc.o [29]
    .rodata               const    0x0003c094      0x8  network-steering.o [29]
    .rodata               const    0x0003c09c     0x30  network-steering.o [29]
    .rodata               const    0x0003c0cc     0x30  network-steering.o [29]
    .rodata               const    0x0003c0fc     0x2c  network-steering.o [29]
    .rodata               const    0x0003c128     0x30  network-steering.o [29]
    .rodata               const    0x0003c158     0x30  network-steering.o [29]
    .rodata               const    0x0003c188     0x30  network-steering.o [29]
    .rodata               const    0x0003c1b8     0x30  network-steering.o [29]
    .rodata               const    0x0003c1e8     0x30  network-steering.o [29]
    .rodata               const    0x0003c218     0x3c  network-steering.o [29]
    .rodata               const    0x0003c254     0x24  network-steering.o [29]
    .rodata               const    0x0003c278     0x24  network-steering.o [29]
    .rodata               const    0x0003c29c     0x1c  network-steering.o [29]
    .rodata               const    0x0003c2b8     0x14  network-steering.o [29]
    .rodata               const    0x0003c2cc     0x28  network-steering.o [29]
    .rodata               const    0x0003c2f4     0x14  network-steering.o [29]
    .rodata               const    0x0003c308     0x2c  network-steering.o [29]
    .rodata               const    0x0003c334     0x2c  network-steering.o [29]
    .rodata               const    0x0003c360     0x18  network-steering.o [29]
    .rodata               const    0x0003c378     0x10  network-steering.o [29]
    .rodata               const    0x0003c388     0x2c  network-steering.o [29]
    .rodata               const    0x0003c3b4     0x50  network-steering.o [29]
    .rodata               const    0x0003c404     0x10  network-steering.o [29]
    .rodata               const    0x0003c414      0x8  network-steering.o [29]
    .rodata               const    0x0003c41c      0x8  network-steering.o [29]
    .rodata               const    0x0003c424     0x2c  network-steering.o [29]
    .rodata               const    0x0003c450     0x1c  network-steering.o [29]
    .rodata               const    0x0003c46c     0x24  network-steering.o [29]
    .rodata               const    0x0003c490     0x10  network-steering.o [29]
    .rodata               const    0x0003c4a0     0x10  network-steering.o [29]
    .rodata               const    0x0003c4b0     0x10  network-steering.o [29]
    .rodata               const    0x0003c4c0     0x20  se_aes.o [28]
    .rodata               const    0x0003c4e0      0xc  se_aes.o [28]
    .rodata               const    0x0003c4ec      0xc  se_aes.o [28]
    .rodata               const    0x0003c4f8      0xc  se_aes.o [28]
    .rodata               const    0x0003c504     0x20  idle-sleep-cli.o [27]
    .rodata               const    0x0003c524     0x20  idle-sleep-cli.o [27]
    .rodata               const    0x0003c544     0x20  idle-sleep-cli.o [27]
    .rodata               const    0x0003c564     0x20  idle-sleep-cli.o [27]
    .rodata               const    0x0003c584     0x14  ias-zone-server.o [25]
    .rodata               const    0x0003c598     0x38  ias-zone-server.o [25]
    .rodata               const    0x0003c5d0      0x8  ias-zone-server.o [25]
    .rodata               const    0x0003c5d8     0x34  ias-zone-server.o [25]
    .rodata               const    0x0003c60c     0x34  ias-zone-server.o [25]
    .rodata               const    0x0003c640      0x8  ias-zone-server.o [25]
[...]
stackTokenInfo          0x00018934     0x3c  Data  Lc  token-cache.o [74]
startNetworkOperation   0x00008f31     0x6e  Code  Lc  association.o [74]
startPanIdScan          0x0002619d     0x52  Code  Lc  form-and-join.o [20]
startScan               0x00026435     0x12  Code  Lc  form-and-join.o [20]
startServerDiscovery    0x0001f029     0x68  Code  Lc  ota-client.o [33]
start_channel_scan      0x00019abf     0x6c  Code  Lc  scan.o [74]
stateMachineRun         0x00021be7     0x52  Code  Lc  network-steering.o [29]
stateTable              0x2000b5ec      0x4  Data  Lc  identify.o [26]
states                  0x2000aa04     0x40  Data  Lc  service-discovery-common.o [47]
states                  0x2000ff81      0x1  Data  Lc  end-device-move.o [18]
states                  0x2000b8e0     0x18  Data  Lc  end-device-support.o [18]
statesInitialized       0x2000ff3f      0x1  Data  Lc  service-discovery-common.o [47]
staticCmd               0x0003b660     0x20  Data  Lc  util.o [47]
status                  0x0001fa2d     0x10  Code  Lc  call-command-handler.o [1]
storageHasFullImage     0x2000ff54      0x1  Data  Lc  ota-storage-simple.o [37]
storageSlot             0x2000b698      0x4  Data  Lc  bootloader-interface-app.o [19]
storeAndForwardDelayCount
                        0x2000fc00      0x1  Data  Lc  store-forward.o [74]
storeAndForwardSubmitCount
                        0x2000fc01      0x1  Data  Lc  store-forward.o [74]
storedKeysList          0x2000f950      0x2  Data  Lc  aps-keys-transient.o [74]
storedNetworks          0x2000ff02      0x2  Data  Lc  network-steering-soc.o [29]
storedSleepControl      0x2000ff53      0x1  Data  Lc  ota-storage-eeprom-page-erase.o [38]
stringToUnsignedInt     0x000277e1     0x7a  Code  Lc  command-interpreter2.o [1]
strlen                  0x000255ad           Code  Gb  strlen.o [70]
submitCount             0x2000fb99      0x1  Data  Lc  retry.o [74]
superRetriesIntervalForMacDataPoll
                        0x2000f8fc      0x4  Data  Lc  network.o [74]
syn_area                0x2000ffbd      0x1  Data  Gb  ikk-user.o [2]
syn_ex                  0x2000ffc0      0x1  Data  Gb  ikk-user.o [2]
syn_fin                 0x2000ffc1      0x1  Data  Gb  ikk-user.o [2]
syn_hold                0x2000ffbe      0x1  Data  Gb  ikk-user.o [2]
syn_led                 0x2000ffbf      0x1  Data  Gb  ikk-user.o [2]
systemTimerId           0x2000f90c     0x18  Data  Lc  system-timer.o [61]
tail                    0x2000ff4f      0x1  Data  Lc  scan-dispatch.o [41]
tcBasedClassificationAlgorithm
                        0x00015c3b     0x62  Code  Lc  beacon-handling.o [74]
tempdrvHighCallbacks    0x2000bad0     0x28  Data  Lc  tempdrv.o [16]
tempdrvLowCallbacks     0x2000baf8     0x28  Data  Lc  tempdrv.o [16]
terminateScanRequest    0x00032035     0x18  Code  Lc  zdo-channel.o [74]
thrHard                 0x00011317     0x20  Code  Lc  nvm3.o [63]
thrSize                 0x00011365      0xa  Code  Lc  nvm3.o [63]
thrSoftMinimum          0x00011337     0x20  Code  Lc  nvm3.o [63]
thrSoftUser             0x00011357      0xe  Code  Lc  nvm3.o [63]
timeElapsed             0x2000ff88      0x1  Data  Lc  ustimer.o [16]
timerPrsConfig          0x000134fd     0x3a  Code  Lc  em_timer.o [17]
timer_frequency         0x2000bac0      0x4  Data  Lc  sl_sleeptimer.o [16]
timer_head              0x2000bac4      0x4  Data  Lc  sl_sleeptimer.o [16]
titleStrings            0x200098f0     0xa8  Data  Gb  counters-cli.o [11]
tokenArraySize          0x000413f8     0x3c  Data  Gb  token-def.o [1]
tokenDefaults           0x000416a8     0xe8  Data  Gb  token-def.o [1]
tokenFlagsToSizeArray   0x0002d7b8      0x4  Data  Lc  install-code-tokens.o [62]
tokenIsCnt              0x00041344     0x3c  Data  Gb  token-def.o [1]
tokenIsIdx              0x00041380     0x3c  Data  Gb  token-def.o [1]
tokenLength             0x00027429      0xe  Code  Lc  command-interpreter2.o [1]
tokenNvm3Keys           0x0004125c     0xe8  Data  Gb  token-def.o [1]
tokenPointer            0x00027437     0x10  Code  Lc  command-interpreter2.o [1]
tokenSize               0x000413bc     0x3c  Data  Gb  token-def.o [1]
tokensActive            0x2000ff8a      0x1  Data  Lc  token.o [14]
tolower                 0x00030c61      0xc  Code  Gb  tolower.o [58]
totalImageSize          0x2000aeac      0x4  Data  Lc  ota-client.o [33]
traceClkGet             0x00010b7f     0x30  Code  Lc  em_cmu.o [17]
tracePhase              0x2000f800      0x1  Data  Lc  buffer-management.o [74]
transientKeyFinish      0x0002da55     0x38  Code  Lc  aps-keys-transient.o [74]
transportKeyFrameSizes  0x0002c28c      0x8  Data  Lc  packet-validate.o [69]
tryNextMethod           0x00021b8b     0x2c  Code  Lc  network-steering.o [29]
tryToJoinNetwork        0x0002195b     0x8c  Code  Gb  network-steering.o [29]
tryTxCurrentPacket      0x0001e40b     0x5e  Code  Lc  lower-mac-rail-802.15.4.o [74]
txBuffer                0x00013b9d     0x42  Code  Lc  com.o [42]
txCallback              0x00013d5d     0x46  Code  Lc  com.o [42]
txCatchUp               0x00013cf7     0x66  Code  Lc  com.o [42]
txCompleteStatusPending
                        0x20009bf2      0x1  Data  Lc  lower-mac-rail-802.15.4.o [74]
txCompleted             0x0001e1b7     0x1a  Code  Lc  lower-mac-rail-802.15.4.o [74]
txCurrentPacket         0x0001e113     0x96  Code  Lc  lower-mac-rail-802.15.4.o [74]
txFailedCallback        0x0001d891     0x72  Code  Lc  lower-mac-rail-802.15.4.o [74]
txSchedulerInfo         0x20009bf4      0xc  Data  Lc  lower-mac-rail-802.15.4.o [74]
tx_complete_callback    0x000196c1     0x42  Code  Lc  scan.o [74]
typeSensitiveMemCopy    0x00004b65     0x76  Code  Lc  attribute-storage.o [47]
uart_recv_flag          0x20009ee1      0x1  Data  Lc  ikk-user.o [2]
uartdrvHandle           0x2000bb48     0x10  Data  Lc  uartdrv.o [16]
uartdrvHandleIsInitialized
                        0x2000ff87      0x1  Data  Lc  uartdrv.o [16]
uarthandledata          0x2000ad60     0x78  Data  Lc  com.o [42]
unbindRequest           0x00038bdd     0x7e  Code  Lc  zdo-cli.o [47]
unicastHead             0x2000ffed      0x1  Data  Lc  unicast-table.o [74]
uninitializedIsr        0x00039675           Code  Gb  faults-v7m.o [14]
unknownCounter          0x20009998      0x4  Data  Gb  counters-cli.o [11]
unsolicitedChannelReport
                        0x2000fbee      0x1  Data  Lc  zdo-channel.o [74]
unusedOriginalChannelMaskCache
                        0x2000f96c      0x4  Data  Lc  zigbee-scan.o [74]
unusedPanIdCache        0x2000f95c      0x2  Data  Lc  zigbee-scan.o [74]
updateBuffer            0x00013b6d     0x30  Code  Lc  com.o [42]
updateCurrentOffset     0x0001ee4d     0x18  Code  Lc  ota-client.o [33]
updateDownloadFileVersion
                        0x0001ee65      0x8  Code  Lc  ota-client.o [33]
updateEnrollState       0x00022055     0x12  Code  Lc  ias-zone-server.o [25]
updateEvents            0x0001d1fd     0x54  Code  Lc  lower-mac-rail-802.15.4.o [74]
updateInterrupts        0x0002fb87     0x94  Code  Lc  tempdrv.o [16]
updateTcLinkKeyState    0x2000ffe7      0x1  Data  Lc  aps-keys.o [74]
update_em1_requirement  0x00013979     0x12  Code  Lc  sl_power_manager.o [22]
update_first_timer_delta
                        0x0000752f     0x24  Code  Lc  sl_sleeptimer.o [16]
upgradeEndResponseParse
                        0x0001f879     0xbc  Code  Lc  ota-client.o [33]
useLegacyTimeoutMethod  0x2000ffe4      0x1  Data  Gb  child-handling.o [74]
useMulticastBinding     0x2000ff4a      0x1  Data  Lc  zcl-cli.o [47]
useNextSequence         0x2000ff48      0x1  Data  Lc  zcl-cli.o [47]
usePageRequest          0x2000ff5b      0x1  Data  Lc  ota-client.o [33]
userData                0x2000f818      0x4  Data  Lc  buffer-management.o [74]
userDataCount           0x2000f806      0x2  Data  Lc  buffer-management.o [74]
vFillBuffer             0x00007bbd    0x170  Code  Lc  client-api.o [47]
validateObj             0x00011d1f     0x26  Code  Lc  nvm3.o [63]
validateObjFragments    0x00011af7    0x228  Code  Lc  nvm3.o [63]
waitStateMax            0x000111b5      0xe  Code  Lc  em_cmu.o [17]
waitingForResponse      0x2000ff5a      0x1  Data  Lc  ota-client.o [33]
wakeInfo                0x2000bb70      0x4  Data  Lc  sleep-efm32.o [14]
wakeup_time_config_overhead_tick
                        0x2000b670      0x4  Data  Gb  sl_power_manager.o [22]
walkDelayQueue          0x0001be8d     0xd2  Code  Lc  retry.o [74]
walkStoreAndForwardQueue
                        0x0002b39d    0x112  Code  Lc  store-forward.o [74]
watchdogDisableInSleep  0x2000ff89      0x1  Data  Lc  sleep-efm32.o [14]
wdog0ClkGet             0x000111c5     0x3c  Code  Lc  em_cmu.o [17]
wdog1ClkGet             0x00010bb1     0x40  Code  Lc  em_cmu.o [17]
wordSize                0x2000ff8c      0x1  Data  Lc  eeprom.o [13]
workBegin               0x00012a21     0x16  Code  Lc  nvm3.o [63]
workEnd                 0x00012a37     0x14  Code  Lc  nvm3.o [63]
writeBurst              0x2000933d     0x52  Code  Gb  em_msc.o [17]
writeFullAllowed        0x0001136f     0x18  Code  Lc  nvm3.o [63]
writeIdentifyTime       0x0002ef9b     0x18  Code  Lc  identify.o [26]
writeMessage            0x0002883f     0xaa  Code  Lc  legacy-packet-buffer.o [74]
writeObj                0x0001150f    0x2da  Code  Lc  nvm3.o [63]
xferCfg                 0x0003cad4     0x10  Data  Gb  dmadrv.o [16]
zclBasicGlsCommand      0x00039baf      0x4  Code  Lc  znet-cli.o [1]
zclBasicGlsrCommand     0x00039bb3      0x6  Code  Lc  znet-cli.o [1]
zclBasicRtfdCommand     0x00039bb9      0x2  Code  Lc  znet-cli.o [1]
zclBufferAddBuffer      0x0003011d     0x1e  Code  Gb  zcl-cli.o [47]
zclBufferAddByte        0x000300e5     0x12  Code  Gb  zcl-cli.o [47]
zclBufferAddByteFromArgument
                        0x0003013b      0x8  Code  Gb  zcl-cli.o [47]
zclBufferAddInt16sFromArgument
                        0x00030151      0x8  Code  Gb  zcl-cli.o [47]
zclBufferAddInt32       0x00030109     0x14  Code  Gb  zcl-cli.o [47]
zclBufferAddInt32FromArgument
                        0x0003016f      0x6  Code  Gb  zcl-cli.o [47]
zclBufferAddInt32sFromArgument
                        0x00030159      0x8  Code  Gb  zcl-cli.o [47]
zclBufferAddInt8sFromArgument
                        0x00030143      0x6  Code  Gb  zcl-cli.o [47]
zclBufferAddLengthAndStringFromArgument
                        0x000301c1      0x4  Code  Gb  zcl-cli.o [47]
zclBufferAddWord        0x000300f7     0x12  Code  Gb  zcl-cli.o [47]
zclBufferAddWordFromArgument
                        0x00030161      0x6  Code  Gb  zcl-cli.o [47]
zclBufferSetup          0x00030091     0x54  Code  Gb  zcl-cli.o [47]
zclClusterNames         0x0003b618     0x48  Data  Gb  util.o [47]
zclCmdIsBuilt           0x2000ff46      0x1  Data  Gb  zcl-cli.o [47]
zclGlobalCommandDiscoveryCommand
                        0x00030451     0x2e  Code  Gb  zcl-cli.o [47]
zclGlobalDirection      0x2000ff49      0x1  Data  Lc  zcl-cli.o [47]
zclGlobalDirectionCommand
                        0x00030291     0x14  Code  Gb  zcl-cli.o [47]
zclGlobalDiscoverCommand
                        0x0003030b      0x4  Code  Gb  zcl-cli.o [47]
zclGlobalExpectReportFromMeCommand
                        0x00030427     0x1e  Code  Gb  zcl-cli.o [47]
zclGlobalReadCommand    0x000302ad      0x6  Code  Gb  zcl-cli.o [47]
zclGlobalReportCommand  0x00030319     0x8e  Code  Gb  zcl-cli.o [47]
zclGlobalReportReadCommand
                        0x000303a7     0x18  Code  Gb  zcl-cli.o [47]
zclGlobalSendMeAReportCommand
                        0x000303bf     0x52  Code  Gb  zcl-cli.o [47]
zclGlobalSetup          0x00030277     0x1a  Code  Gb  zcl-cli.o [47]
zclGlobalWriteCommand   0x000302b3     0x58  Code  Gb  zcl-cli.o [47]
zclIasZoneEnrollCommand
                        0x00039bc3      0x4  Code  Lc  znet-cli.o [1]
zclIasZoneScCommand     0x00039bc7      0x2  Code  Lc  znet-cli.o [1]
zclIdentifyOnOffCommand
                        0x000304f3     0x56  Code  Gb  zcl-cli.o [47]
zclMfgCodeCommand       0x0003047f     0x28  Code  Gb  zcl-cli.o [47]
zclSimpleCommand        0x000301c5     0xb2  Code  Gb  zcl-cli.o [47]
zclTimeCommand          0x000304e5      0xe  Code  Gb  zcl-cli.o [47]
zclUseNextSequenceCommand
                        0x000304c3     0x22  Code  Gb  zcl-cli.o [47]
zclXDefaultRespCommand  0x000304a7     0x12  Code  Gb  zcl-cli.o [47]
zdoActiveEpCommand      0x00038b25     0x1e  Code  Gb  zdo-cli.o [47]
zdoAddClusterCommand    0x000389c3     0x38  Code  Gb  zdo-cli.o [47]
zdoBindCommand          0x00038951     0x72  Code  Gb  zdo-cli.o [47]
zdoClearClusterCommand  0x000389fb     0x18  Code  Gb  zdo-cli.o [47]
zdoConfigurationModeEnabled
                        0x20009f03      0x1  Data  Gb  zigbee-device-util.o [74]
zdoIeeeAddressRequestCommand
                        0x0003888d     0x14  Code  Gb  zdo-cli.o [47]
zdoLeaveRequestCommand  0x00038b83     0x32  Code  Gb  zdo-cli.o [47]
zdoMatchCommand         0x000388e3     0x3c  Code  Gb  zdo-cli.o [47]
zdoMgmtBindCommand      0x00038b67     0x1c  Code  Gb  zdo-cli.o [47]
zdoMgmtLqiCommand       0x00038b43     0x1a  Code  Gb  zdo-cli.o [47]
zdoNetworkUpdateChannelCommand
                        0x00038a1d     0x70  Code  Gb  zdo-cli.o [47]
zdoNetworkUpdateScanCommand
                        0x00038a8d     0x5e  Code  Gb  zdo-cli.o [47]
zdoNetworkUpdateSetCommand
                        0x00038af9     0x1e  Code  Gb  zdo-cli.o [47]
zdoNodeCommand          0x000388c1     0x22  Code  Gb  zdo-cli.o [47]
zdoNwkAddressRequestCommand
                        0x00038875     0x18  Code  Gb  zdo-cli.o [47]
zdoPowerDescriptorRequestCommand
                        0x00038bb5     0x18  Code  Gb  zdo-cli.o [47]
zdoRouteRequestCommand  0x00038c9f     0x26  Code  Gb  zdo-cli.o [47]
zdoSimpleCommand        0x000388a1     0x20  Code  Gb  zdo-cli.o [47]
zdoUnbindGroupCommand   0x00038c5b     0x18  Code  Gb  zdo-cli.o [47]
zdoUnbindUnicastCommand
                        0x00038c73     0x2c  Code  Gb  zdo-cli.o [47]
zigDevApsStruct         0x2000f928      0x4  Data  Lc  zigbee-device-util.o [74]
zigDevRequestRadius     0x20009ef8      0x1  Data  Gb  zigbee-device-common.o [1]
zigDevRequestSequence   0x2000ffda      0x1  Data  Lc  zigbee-device-common.o [1]
zigDevRequestSequence   0x2000f924      0x1  Data  Lc  zigbee-device-util.o [74]
zigbeeMacFilterList     0x00044ada      0x2  Data  Gb  ember-configuration.o [1]
zllActiveScanCompleteHandler
                        0x0001b0cf     0x16  Code  Lc  zigbee-scan.o [74]
zll_channel_stay        0x0001af43     0x2e  Code  Gb  zigbee-scan.o [74]
zll_scan_request_callback
                        0x0001af71     0xa8  Code  Lc  zigbee-scan.o [74]


[1] = D:\simplicity studio5\s5\workspaces\Z3SwitchSoc\IAR ARM - Default
[2] = D:\simplicity studio5\s5\workspaces\Z3SwitchSoc\IAR ARM - Default\00ikonke-app
[3] = D:\simplicity studio5\s5\workspaces\Z3SwitchSoc\IAR ARM - Default\00ikonke-app\driver
[4] = D:\simplicity studio5\s5\workspaces\Z3SwitchSoc\IAR ARM - Default\00ikonke-app\general
[5] = D:\simplicity studio5\s5\workspaces\Z3SwitchSoc\IAR ARM - Default\00ikonke-app\tools
[6] = D:\simplicity studio5\s5\workspaces\Z3SwitchSoc\IAR ARM - Default\address-table
[7] = D:\simplicity studio5\s5\workspaces\Z3SwitchSoc\IAR ARM - Default\antenna-stub
[8] = D:\simplicity studio5\s5\workspaces\Z3SwitchSoc\IAR ARM - Default\basic
[9] = D:\simplicity studio5\s5\workspaces\Z3SwitchSoc\IAR ARM - Default\ccm-encryption
[10] = D:\simplicity studio5\s5\workspaces\Z3SwitchSoc\IAR ARM - Default\coexistence-stub\EFR32
[11] = D:\simplicity studio5\s5\workspaces\Z3SwitchSoc\IAR ARM - Default\counters
[12] = D:\simplicity studio5\s5\workspaces\Z3SwitchSoc\IAR ARM - Default\diagnostic-server
[13] = D:\simplicity studio5\s5\workspaces\Z3SwitchSoc\IAR ARM - Default\eeprom
[14] = D:\simplicity studio5\s5\workspaces\Z3SwitchSoc\IAR ARM - Default\efr32
[15] = D:\simplicity studio5\s5\workspaces\Z3SwitchSoc\IAR ARM - Default\ember-minimal-printf
[16] = D:\simplicity studio5\s5\workspaces\Z3SwitchSoc\IAR ARM - Default\emdrv
[17] = D:\simplicity studio5\s5\workspaces\Z3SwitchSoc\IAR ARM - Default\emlib
[18] = D:\simplicity studio5\s5\workspaces\Z3SwitchSoc\IAR ARM - Default\end-device-support
[19] = D:\simplicity studio5\s5\workspaces\Z3SwitchSoc\IAR ARM - Default\external-generated-files
[20] = D:\simplicity studio5\s5\workspaces\Z3SwitchSoc\IAR ARM - Default\form-and-join
[21] = D:\simplicity studio5\s5\workspaces\Z3SwitchSoc\IAR ARM - Default\generic-interrupt-control\EFR32
[22] = D:\simplicity studio5\s5\workspaces\Z3SwitchSoc\IAR ARM - Default\hal-library\EFR32
[23] = D:\simplicity studio5\s5\workspaces\Z3SwitchSoc\IAR ARM - Default\hal-library\EFR32_2
[24] = D:\simplicity studio5\s5\workspaces\Z3SwitchSoc\IAR ARM - Default\heartbeat
[25] = D:\simplicity studio5\s5\workspaces\Z3SwitchSoc\IAR ARM - Default\ias-zone-server
[26] = D:\simplicity studio5\s5\workspaces\Z3SwitchSoc\IAR ARM - Default\identify
[27] = D:\simplicity studio5\s5\workspaces\Z3SwitchSoc\IAR ARM - Default\idle-sleep
[28] = D:\simplicity studio5\s5\workspaces\Z3SwitchSoc\IAR ARM - Default\mbedtls\EFR32
[29] = D:\simplicity studio5\s5\workspaces\Z3SwitchSoc\IAR ARM - Default\network-steering
[30] = D:\simplicity studio5\s5\workspaces\Z3SwitchSoc\IAR ARM - Default\nvm3
[31] = D:\simplicity studio5\s5\workspaces\Z3SwitchSoc\IAR ARM - Default\nvm3\EFR32
[32] = D:\simplicity studio5\s5\workspaces\Z3SwitchSoc\IAR ARM - Default\ota-bootload
[33] = D:\simplicity studio5\s5\workspaces\Z3SwitchSoc\IAR ARM - Default\ota-client
[34] = D:\simplicity studio5\s5\workspaces\Z3SwitchSoc\IAR ARM - Default\ota-client-policy
[35] = D:\simplicity studio5\s5\workspaces\Z3SwitchSoc\IAR ARM - Default\ota-common
[36] = D:\simplicity studio5\s5\workspaces\Z3SwitchSoc\IAR ARM - Default\ota-storage-common
[37] = D:\simplicity studio5\s5\workspaces\Z3SwitchSoc\IAR ARM - Default\ota-storage-simple
[38] = D:\simplicity studio5\s5\workspaces\Z3SwitchSoc\IAR ARM - Default\ota-storage-simple-eeprom
[39] = D:\simplicity studio5\s5\workspaces\Z3SwitchSoc\IAR ARM - Default\packet-handoff
[40] = D:\simplicity studio5\s5\workspaces\Z3SwitchSoc\IAR ARM - Default\reporting
[41] = D:\simplicity studio5\s5\workspaces\Z3SwitchSoc\IAR ARM - Default\scan-dispatch
[42] = D:\simplicity studio5\s5\workspaces\Z3SwitchSoc\IAR ARM - Default\serial
[43] = D:\simplicity studio5\s5\workspaces\Z3SwitchSoc\IAR ARM - Default\serial\EFR32
[44] = D:\simplicity studio5\s5\workspaces\Z3SwitchSoc\IAR ARM - Default\simple-main
[45] = D:\simplicity studio5\s5\workspaces\Z3SwitchSoc\IAR ARM - Default\strong-random
[46] = D:\simplicity studio5\s5\workspaces\Z3SwitchSoc\IAR ARM - Default\update-tc-link-key
[47] = D:\simplicity studio5\s5\workspaces\Z3SwitchSoc\IAR ARM - Default\zcl-framework-core
[48] = command line
[49] = binding-table-library.a
[50] = cbke-163k1-stub-library.a
[51] = cbke-283k1-stub-library.a
[52] = cbke-library-dsa-sign-stub.a
[53] = cbke-library-dsa-verify-283k1-stub.a
[54] = cbke-library-dsa-verify-stub.a
[55] = cbke-stub-library.a
[56] = debug-basic-stub-library.a
[57] = debug-extended-stub-library.a
[58] = dl7M_tln.a
[59] = end-device-bind-stub-library.a
[60] = gp-stub-library.a
[61] = hal-library.a
[62] = install-code-library.a
[63] = libnvm3_CM33_iar.a
[64] = librail_efr32xg21_iar_release.a
[65] = m7M_tls.a
[66] = mfglib-library.a
[67] = multi-network-stub-library.a
[68] = multi-pan-stub-library.a
[69] = packet-validate-library.a
[70] = rt7M_tl.a
[71] = security-library-link-keys-stub.a
[72] = sim-eeprom2-to-nvm3-upgrade-stub-library.a
[73] = source-route-stub-library.a
[74] = zigbee-pro-leaf-stack.a
[75] = zigbee-r22-support-stub-library.a
[76] = zll-stub-library.a

  219 192 bytes of readonly  code memory
      324 bytes of readwrite code memory
   46 873 bytes of readonly  data memory
  109 413 bytes of readwrite data memory

Errors: none
Warnings: 1
